ARM Linker, 5.03 [Build 76] [MDK-ARM Standard]

==============================================================================

Section Cross References

    system_stm32f10x.o(.text) refers to system_stm32f10x.o(.data) for SystemCoreClock
    startup_stm32f10x_md.o(STACK) refers (Special) to heapauxi.o(.text) for __use_two_region_memory
    startup_stm32f10x_md.o(HEAP) refers (Special) to heapauxi.o(.text) for __use_two_region_memory
    startup_stm32f10x_md.o(RESET) refers (Special) to heapauxi.o(.text) for __use_two_region_memory
    startup_stm32f10x_md.o(RESET) refers to startup_stm32f10x_md.o(STACK) for __initial_sp
    startup_stm32f10x_md.o(RESET) refers to startup_stm32f10x_md.o(.text) for Reset_Handler
    startup_stm32f10x_md.o(RESET) refers to stm32f10x_it.o(.text) for NMI_Handler
    startup_stm32f10x_md.o(RESET) refers to uart_for_dbus.o(.text) for DMA1_Channel5_IRQHandler
    startup_stm32f10x_md.o(RESET) refers to uart_for_hc_sr04.o(.text) for USART3_IRQHandler
    startup_stm32f10x_md.o(.text) refers (Special) to heapauxi.o(.text) for __use_two_region_memory
    startup_stm32f10x_md.o(.text) refers to system_stm32f10x.o(.text) for SystemInit
    startup_stm32f10x_md.o(.text) refers to __main.o(!!!main) for __main
    startup_stm32f10x_md.o(.text) refers to startup_stm32f10x_md.o(HEAP) for Heap_Mem
    startup_stm32f10x_md.o(.text) refers to startup_stm32f10x_md.o(STACK) for Stack_Mem
    stm32f10x_gpio.o(.text) refers to stm32f10x_rcc.o(.text) for RCC_APB2PeriphResetCmd
    stm32f10x_rcc.o(.text) refers to stm32f10x_rcc.o(.data) for APBAHBPrescTable
    stm32f10x_tim.o(.text) refers to stm32f10x_rcc.o(.text) for RCC_APB2PeriphResetCmd
    stm32f10x_usart.o(.text) refers to stm32f10x_rcc.o(.text) for RCC_APB2PeriphResetCmd
    stm32f10x_adc.o(.text) refers to stm32f10x_rcc.o(.text) for RCC_APB2PeriphResetCmd
    stm32f10x_can.o(.text) refers to stm32f10x_rcc.o(.text) for RCC_APB1PeriphResetCmd
    main.o(.text) refers to app.o(.text) for IAC_Init
    main.o(.text) refers to stm32f10x_usart.o(.text) for USART_SendData
    main.o(.text) refers to mpu6050.o(.text) for MPU6050_Pose
    main.o(.text) refers to control.o(.text) for Getdesireddata
    main.o(.text) refers to motor.o(.text) for Motor_PWM_OUTPUT
    main.o(.text) refers to fmul.o(x$fpl$fmul) for __aeabi_fmul
    main.o(.text) refers to ffix.o(x$fpl$ffix) for __aeabi_f2iz
    main.o(.text) refers to uart_for_pc.o(.text) for CRC_send
    main.o(.text) refers to main.o(.data) for US100_Flag
    main.o(.text) refers to control.o(.data) for MOTOR4
    main.o(.text) refers to uart_for_dbus.o(.bss) for Channel_Receive
    stm32f10x_it.o(.text) refers to stm32f10x_tim.o(.text) for TIM_GetITStatus
    stm32f10x_it.o(.text) refers to main.o(.data) for tim2flag
    timer.o(.text) refers to stm32f10x_rcc.o(.text) for RCC_APB1PeriphClockCmd
    timer.o(.text) refers to stm32f10x_tim.o(.text) for TIM_TimeBaseInit
    timer.o(.text) refers to misc.o(.text) for NVIC_Init
    delay.o(.text) refers to misc.o(.text) for SysTick_CLKSourceConfig
    delay.o(.text) refers to delay.o(.data) for fac_us
    myiic.o(.text) refers to delay.o(.text) for delay_us
    myiic.o(.text) refers to stm32f10x_rcc.o(.text) for RCC_APB2PeriphClockCmd
    myiic.o(.text) refers to stm32f10x_gpio.o(.text) for GPIO_Init
    mpu6050.o(.text) refers to myiic.o(.text) for IIC_Init
    mpu6050.o(.text) refers to inv_mpu.o(.text) for mpu_init
    mpu6050.o(.text) refers to inv_mpu_dmp_motion_driver.o(.text) for dmp_load_motion_driver_firmware
    mpu6050.o(.text) refers to fflt_clz.o(x$fpl$fflt) for __aeabi_i2f
    mpu6050.o(.text) refers to fdiv.o(x$fpl$fdiv) for __aeabi_fdiv
    mpu6050.o(.text) refers to fmul.o(x$fpl$fmul) for __aeabi_fmul
    mpu6050.o(.text) refers to faddsub_clz.o(x$fpl$fadd) for __aeabi_fadd
    mpu6050.o(.text) refers to f2d.o(x$fpl$f2d) for __aeabi_f2d
    mpu6050.o(.text) refers to asin.o(i.asin) for asin
    mpu6050.o(.text) refers to dmul.o(x$fpl$dmul) for __aeabi_dmul
    mpu6050.o(.text) refers to d2f.o(x$fpl$d2f) for __aeabi_d2f
    mpu6050.o(.text) refers to faddsub_clz.o(x$fpl$fsub) for __aeabi_fsub
    mpu6050.o(.text) refers to atan2.o(i.atan2) for atan2
    mpu6050.o(.text) refers to mpu6050.o(.data) for gyro_orientation
    mpu6050.o(.text) refers to mpu6050.o(.bss) for quat
    inv_mpu.o(.text) refers to myiic.o(.text) for IIC_Write
    inv_mpu.o(.text) refers to delay.o(.text) for delay_ms
    inv_mpu.o(.text) refers to inv_mpu.o(.data) for st
    inv_mpu.o(.text) refers to fflt_clz.o(x$fpl$fflt) for __aeabi_i2f
    inv_mpu.o(.text) refers to fdiv.o(x$fpl$fdiv) for __aeabi_fdiv
    inv_mpu.o(.text) refers to fflt_clz.o(x$fpl$ffltu) for __aeabi_ui2f
    inv_mpu.o(.text) refers to fmul.o(x$fpl$fmul) for __aeabi_fmul
    inv_mpu.o(.text) refers to faddsub_clz.o(x$fpl$fsub) for __aeabi_fsub
    inv_mpu.o(.text) refers to frleqf.o(x$fpl$frleqf) for __aeabi_cfrcmple
    inv_mpu.o(.text) refers to inv_mpu.o(.constdata) for test
[...]
    .text                                    0x08002030   Section        0  main.o(.text)
    .text                                    0x080020f8   Section        0  stm32f10x_it.o(.text)
    .text                                    0x08002138   Section        0  timer.o(.text)
    .text                                    0x08002190   Section        0  delay.o(.text)
    .text                                    0x08002238   Section        0  myiic.o(.text)
    .text                                    0x08002600   Section        0  mpu6050.o(.text)
    .text                                    0x080028d8   Section        0  inv_mpu.o(.text)
    set_int_enable                           0x08002b23   Thumb Code   138  inv_mpu.o(.text)
    compass_self_test                        0x080032ad   Thumb Code   326  inv_mpu.o(.text)
    gyro_self_test                           0x080033f3   Thumb Code   270  inv_mpu.o(.text)
    get_accel_prod_shift                     0x08003501   Thumb Code   168  inv_mpu.o(.text)
    accel_self_test                          0x080035a9   Thumb Code   160  inv_mpu.o(.text)
    get_st_biases                            0x08003649   Thumb Code  1138  inv_mpu.o(.text)
    setup_compass                            0x08003e75   Thumb Code   600  inv_mpu.o(.text)
    .text                                    0x08004d98   Section        0  inv_mpu_dmp_motion_driver.o(.text)
    decode_gesture                           0x0800584d   Thumb Code    94  inv_mpu_dmp_motion_driver.o(.text)
    .text                                    0x08005b00   Section        0  uart_for_dbus.o(.text)
    NVIC_Config                              0x08005b01   Thumb Code    40  uart_for_dbus.o(.text)
    .text                                    0x08005d1c   Section        0  uart_for_pc.o(.text)
    .text                                    0x08005f90   Section        0  uart_for_hc_sr04.o(.text)
    .text                                    0x080060ac   Section        0  motor.o(.text)
    TIM3_GPIO_Config                         0x080060ad   Thumb Code    60  motor.o(.text)
    TIM3_Mode_Config                         0x080060e9   Thumb Code   182  motor.o(.text)
    .text                                    0x080061f0   Section        0  control.o(.text)
    .text                                    0x08006a40   Section        0  app.o(.text)
    .text                                    0x08006aac   Section       72  llsdiv.o(.text)
    .text                                    0x08006af4   Section        0  memcmp.o(.text)
    .text                                    0x08006b4c   Section       16  aeabi_memset.o(.text)
    .text                                    0x08006b5c   Section        0  heapauxi.o(.text)
    .text                                    0x08006b62   Section      238  lludivv7m.o(.text)
    .text                                    0x08006c50   Section        0  _rserrno.o(.text)
    .text                                    0x08006c66   Section       68  rt_memclr.o(.text)
    .text                                    0x08006cac   Section        8  rt_errno_addr_intlibspace.o(.text)
    .text                                    0x08006cb4   Section       78  rt_memclr_w.o(.text)
    .text                                    0x08006d04   Section        8  libspace.o(.text)
    .text                                    0x08006d0c   Section       74  sys_stackheap_outer.o(.text)
    .text                                    0x08006d56   Section        0  exit.o(.text)
    .text                                    0x08006d64   Section        0  sys_exit.o(.text)
    .text                                    0x08006d70   Section        2  use_no_semi.o(.text)
    .text                                    0x08006d72   Section        0  indicate_semi.o(.text)
    i.__ARM_fpclassify                       0x08006d72   Section        0  fpclassify.o(i.__ARM_fpclassify)
    i.__kernel_poly                          0x08006d9a   Section        0  poly.o(i.__kernel_poly)
    i.__mathlib_dbl_underflow                0x08006e44   Section        0  dunder.o(i.__mathlib_dbl_underflow)
    i.asin                                   0x08006e54   Section        0  asin.o(i.asin)
    i.atan                                   0x080070d0   Section        0  atan.o(i.atan)
    i.atan2                                  0x080072f4   Section        0  atan2.o(i.atan2)
    i.sqrt                                   0x08007474   Section        0  sqrt.o(i.sqrt)
    x$fpl$d2f                                0x080074c0   Section       98  d2f.o(x$fpl$d2f)
    x$fpl$dadd                               0x08007524   Section      336  daddsub_clz.o(x$fpl$dadd)
    _dadd1                                   0x08007535   Thumb Code     0  daddsub_clz.o(x$fpl$dadd)
    x$fpl$dcheck1                            0x08007674   Section       16  dcheck1.o(x$fpl$dcheck1)
    x$fpl$dcmpinf                            0x08007684   Section       24  dcmpi.o(x$fpl$dcmpinf)
    x$fpl$ddiv                               0x0800769c   Section      688  ddiv.o(x$fpl$ddiv)
    ddiv_entry                               0x080076a3   Thumb Code     0  ddiv.o(x$fpl$ddiv)
    x$fpl$dleqf                              0x0800794c   Section      120  dleqf.o(x$fpl$dleqf)
    x$fpl$dmul                               0x080079c4   Section      340  dmul.o(x$fpl$dmul)
    x$fpl$dnaninf                            0x08007b18   Section      156  dnaninf.o(x$fpl$dnaninf)
    x$fpl$dretinf                            0x08007bb4   Section       12  dretinf.o(x$fpl$dretinf)
    x$fpl$drleqf                             0x08007bc0   Section      108  drleqf.o(x$fpl$drleqf)
    x$fpl$drsb                               0x08007c2c   Section       22  daddsub_clz.o(x$fpl$drsb)
    x$fpl$dsqrt                              0x08007c44   Section      460  dsqrt_noumaal.o(x$fpl$dsqrt)
    x$fpl$dsub                               0x08007e10   Section      468  daddsub_clz.o(x$fpl$dsub)
    _dsub1                                   0x08007e21   Thumb Code     0  daddsub_clz.o(x$fpl$dsub)
    x$fpl$f2d                                0x08007fe4   Section       86  f2d.o(x$fpl$f2d)
    x$fpl$fadd                               0x0800803c   Section      196  faddsub_clz.o(x$fpl$fadd)
    _fadd1                                   0x0800804b   Thumb Code     0  faddsub_clz.o(x$fpl$fadd)
    x$fpl$fcmpinf                            0x08008100   Section       24  fcmpi.o(x$fpl$fcmpinf)
    x$fpl$fdiv                               0x08008118   Section      388  fdiv.o(x$fpl$fdiv)
    _fdiv1                                   0x08008119   Thumb Code     0  fdiv.o(x$fpl$fdiv)
    x$fpl$feqf                               0x0800829c   Section      104  feqf.o(x$fpl$feqf)
    x$fpl$ffix                               0x08008304   Section       54  ffix.o(x$fpl$ffix)
    x$fpl$ffixu                              0x0800833c   Section       62  ffixu.o(x$fpl$ffixu)
    x$fpl$fflt                               0x0800837c   Section       48  fflt_clz.o(x$fpl$fflt)
    x$fpl$ffltu                              0x080083ac   Section       38  fflt_clz.o(x$fpl$ffltu)
    x$fpl$fleqf                              0x080083d4   Section      104  fleqf.o(x$fpl$fleqf)
    x$fpl$fmul                               0x0800843c   Section      258  fmul.o(x$fpl$fmul)
    x$fpl$fnaninf                            0x0800853e   Section      140  fnaninf.o(x$fpl$fnaninf)
    x$fpl$fretinf                            0x080085ca   Section       10  fretinf.o(x$fpl$fretinf)
    x$fpl$frleqf                             0x080085d4   Section       98  frleqf.o(x$fpl$frleqf)
    x$fpl$frsb                               0x08008636   Section       20  faddsub_clz.o(x$fpl$frsb)
    x$fpl$fsub                               0x0800864c   Section      234  faddsub_clz.o(x$fpl$fsub)
    _fsub1                                   0x0800865b   Thumb Code     0  faddsub_clz.o(x$fpl$fsub)
    x$fpl$retnan                             0x08008736   Section      100  retnan.o(x$fpl$retnan)
    x$fpl$scalbn                             0x0800879a   Section       92  scalbn.o(x$fpl$scalbn)
    x$fpl$trapveneer                         0x080087f6   Section       48  trapv.o(x$fpl$trapveneer)
    x$fpl$usenofp                            0x08008826   Section        0  usenofp.o(x$fpl$usenofp)
    .constdata                               0x08008828   Section      173  inv_mpu.o(.constdata)
    .constdata                               0x080088d5   Section     3062  inv_mpu_dmp_motion_driver.o(.constdata)
    dmp_memory                               0x080088d5   Data        3062  inv_mpu_dmp_motion_driver.o(.constdata)
    .constdata                               0x080094d0   Section       80  asin.o(.constdata)
    pS                                       0x080094d0   Data          48  asin.o(.constdata)
    qS                                       0x08009500   Data          32  asin.o(.constdata)
    .constdata                               0x08009520   Section      152  atan.o(.constdata)
    atanhi                                   0x08009520   Data          32  atan.o(.constdata)
    atanlo                                   0x08009540   Data          32  atan.o(.constdata)
    aTodd                                    0x08009560   Data          40  atan.o(.constdata)
    aTeven                                   0x08009588   Data          48  atan.o(.constdata)
    .constdata                               0x080095b8   Section        8  qnan.o(.constdata)
    .data                                    0x20000000   Section       20  system_stm32f10x.o(.data)
    .data                                    0x20000014   Section       20  stm32f10x_rcc.o(.data)
    APBAHBPrescTable                         0x20000014   Data          16  stm32f10x_rcc.o(.data)
    ADCPrescTable                            0x20000024   Data           4  stm32f10x_rcc.o(.data)
    .data                                    0x20000028   Section        8  main.o(.data)
    .data                                    0x20000030   Section        4  delay.o(.data)
    fac_us                                   0x20000030   Data           1  delay.o(.data)
    fac_ms                                   0x20000032   Data           2  delay.o(.data)
    .data                                    0x20000034   Section       64  mpu6050.o(.data)
    gyro_orientation                         0x20000034   Data           9  mpu6050.o(.data)
    .data                                    0x20000074   Section       56  inv_mpu.o(.data)
    st                                       0x20000074   Data          56  inv_mpu.o(.data)
    .data                                    0x200000ac   Section      132  control.o(.data)
    lastoutput                               0x200000f8   Data           4  control.o(.data)
    M                                        0x200000fc   Data           1  control.o(.data)
    yaw_adder                                0x20000100   Data           4  control.o(.data)
    .bss                                     0x20000130   Section       16  mpu6050.o(.bss)
    .bss                                     0x20000140   Section       16  inv_mpu_dmp_motion_driver.o(.bss)
    dmp                                      0x20000140   Data          16  inv_mpu_dmp_motion_driver.o(.bss)
    .bss                                     0x20000150   Section       60  uart_for_dbus.o(.bss)
    .bss                                     0x2000018c   Section      216  control.o(.bss)
    .bss                                     0x20000264   Section       96  libspace.o(.bss)
    HEAP                                     0x200002c8   Section      512  startup_stm32f10x_md.o(HEAP)
    Heap_Mem                                 0x200002c8   Data         512  startup_stm32f10x_md.o(HEAP)
    STACK                                    0x200004c8   Section     1024  startup_stm32f10x_md.o(STACK)
    Stack_Mem                                0x200004c8   Data        1024  startup_stm32f10x_md.o(STACK)
    __initial_sp                             0x200008c8   Data           0  startup_stm32f10x_md.o(STACK)

    Global Symbols

    Symbol Name                              Value     Ov Type        Size  Object(Section)

    BuildAttributes$$THM_ISAv4$P$D$K$B$S$PE$A:L22UL41UL21$X:L11$S22US41US21$IEEE1$IW$USESV6$~STKCKD$USESV7$~SHL$OTIME$ROPI$IEEEX$EBA8$UX$STANDARDLIB$REQ8$PRES8$EABIv2 0x00000000   Number         0  anon$$obj.o ABSOLUTE
    __ARM_use_no_argv                        0x00000000   Number         0  main.o ABSOLUTE
    __ARM_exceptions_init                     - Undefined Weak Reference
    __alloca_initialize                       - Undefined Weak Reference
    __cpp_initialize__aeabi_                  - Undefined Weak Reference
    __cxa_finalize                            - Undefined Weak Reference
    __rt_locale                               - Undefined Weak Reference
    __sigvec_lookup                           - Undefined Weak Reference
    _atexit_init                              - Undefined Weak Reference
    _call_atexit_fns                          - Undefined Weak Reference
    _clock_init                               - Undefined Weak Reference
    _fp_trap_init                             - Undefined Weak Reference
    _fp_trap_shutdown                         - Undefined Weak Reference
    _get_lc_collate                           - Undefined Weak Reference
    _get_lc_ctype                             - Undefined Weak Reference
    _get_lc_monetary                          - Undefined Weak Reference
    _get_lc_numeric                           - Undefined Weak Reference
    _get_lc_time                              - Undefined Weak Reference
    _getenv_init                              - Undefined Weak Reference
    _handle_redirection                       - Undefined Weak Reference
    _init_alloc                               - Undefined Weak Reference
    _init_user_alloc                          - Undefined Weak Reference
    _initio                                   - Undefined Weak Reference
    _rand_init                                - Undefined Weak Reference
    _signal_finish                            - Undefined Weak Reference
    _signal_init                              - Undefined Weak Reference
    _terminate_alloc                          - Undefined Weak Reference
    _terminate_user_alloc                     - Undefined Weak Reference
    _terminateio                              - Undefined Weak Reference
    __Vectors_Size                           0x000000ec   Number         0  startup_stm32f10x_md.o ABSOLUTE
    __Vectors                                0x08000000   Data           4  startup_stm32f10x_md.o(RESET)
    __Vectors_End                            0x080000ec   Data           0  startup_stm32f10x_md.o(RESET)
    __main                                   0x080000ed   Thumb Code     8  __main.o(!!!main)
    __scatterload                            0x080000f5   Thumb Code     0  __scatter.o(!!!scatter)
    __scatterload_rt2                        0x080000f5   Thumb Code    44  __scatter.o(!!!scatter)
    __scatterload_rt2_thumb_only             0x080000f5   Thumb Code     0  __scatter.o(!!!scatter)
    __scatterload_null                       0x08000103   Thumb Code     0  __scatter.o(!!!scatter)
    __decompress                             0x08000129   Thumb Code    90  __dczerorl2.o(!!dczerorl2)
    __decompress1                            0x08000129   Thumb Code     0  __dczerorl2.o(!!dczerorl2)
    __scatterload_zeroinit                   0x08000185   Thumb Code    28  __scatter_zi.o(!!handler_zi)
    __rt_lib_init                            0x080001a1   Thumb Code     0  libinit.o(.ARM.Collect$$libinit$$00000000)
    __rt_lib_init_alloca_1                   0x080001a3   Thumb Code     0  libinit2.o(.ARM.Collect$$libinit$$0000002C)
    __rt_lib_init_argv_1                     0x080001a3   Thumb Code     0  libinit2.o(.ARM.Collect$$libinit$$0000002A)
    __rt_lib_init_atexit_1                   0x080001a3   Thumb Code     0  libinit2.o(.ARM.Collect$$libinit$$00000019)
    __rt_lib_init_clock_1                    0x080001a3   Thumb Code     0  libinit2.o(.ARM.Collect$$libinit$$0000001F)
    __rt_lib_init_cpp_1                      0x080001a3   Thumb Code     0  libinit2.o(.ARM.Collect$$libinit$$00000030)
    __rt_lib_init_exceptions_1               0x080001a3   Thumb Code     0  libinit2.o(.ARM.Collect$$libinit$$0000002E)
    __rt_lib_init_fp_1                       0x080001a3   Thumb Code     0  libinit2.o(.ARM.Collect$$libinit$$00000002)
    __rt_lib_init_fp_trap_1                  0x080001a3   Thumb Code     0  libinit2.o(.ARM.Collect$$libinit$$0000001D)
    __rt_lib_init_getenv_1                   0x080001a3   Thumb Code     0  libinit2.o(.ARM.Collect$$libinit$$00000021)
    __rt_lib_init_heap_1                     0x080001a3   Thumb Code     0  libinit2.o(.ARM.Collect$$libinit$$00000008)
    __rt_lib_init_lc_collate_1               0x080001a3   Thumb Code     0  libinit2.o(.ARM.Collect$$libinit$$0000000F)
    __rt_lib_init_lc_ctype_1                 0x080001a3   Thumb Code     0  libinit2.o(.ARM.Collect$$libinit$$00000011)
    __rt_lib_init_lc_monetary_1              0x080001a3   Thumb Code     0  libinit2.o(.ARM.Collect$$libinit$$00000013)
    __rt_lib_init_lc_numeric_1               0x080001a3   Thumb Code     0  libinit2.o(.ARM.Collect$$libinit$$00000015)
    __rt_lib_init_lc_time_1                  0x080001a3   Thumb Code     0  libinit2.o(.ARM.Collect$$libinit$$00000017)
    __rt_lib_init_rand_1                     0x080001a3   Thumb Code     0  libinit2.o(.ARM.Collect$$libinit$$0000000C)
    __rt_lib_init_return                     0x080001a3   Thumb Code     0  libinit2.o(.ARM.Collect$$libinit$$00000031)
    __rt_lib_init_signal_1                   0x080001a3   Thumb Code     0  libinit2.o(.ARM.Collect$$libinit$$0000001B)
    __rt_lib_init_stdio_1                    0x080001a3   Thumb Code     0  libinit2.o(.ARM.Collect$$libinit$$00000023)
    __rt_lib_init_user_alloc_1               0x080001a3   Thumb Code     0  libinit2.o(.ARM.Collect$$libinit$$0000000A)
    __rt_lib_shutdown                        0x080001a5   Thumb Code     0  libshutdown.o(.ARM.Collect$$libshutdown$$00000000)
    __rt_lib_shutdown_fp_trap_1              0x080001a7   Thumb Code     0  libshutdown2.o(.ARM.Collect$$libshutdown$$00000006)
    __rt_lib_shutdown_heap_1                 0x080001a7   Thumb Code     0  libshutdown2.o(.ARM.Collect$$libshutdown$$0000000E)
    __rt_lib_shutdown_return                 0x080001a7   Thumb Code     0  libshutdown2.o(.ARM.Collect$$libshutdown$$0000000F)
    __rt_lib_shutdown_signal_1               0x080001a7   Thumb Code     0  libshutdown2.o(.ARM.Collect$$libshutdown$$00000009)
    __rt_lib_shutdown_stdio_1                0x080001a7   Thumb Code     0  libshutdown2.o(.ARM.Collect$$libshutdown$$00000003)
    __rt_lib_shutdown_user_alloc_1           0x080001a7   Thumb Code     0  libshutdown2.o(.ARM.Collect$$libshutdown$$0000000B)
    __rt_entry                               0x080001a9   Thumb Code     0  rtentry.o(.ARM.Collect$$rtentry$$00000000)
    __rt_entry_presh_1                       0x080001a9   Thumb Code     0  rtentry2.o(.ARM.Collect$$rtentry$$00000002)
    __rt_entry_sh                            0x080001a9   Thumb Code     0  rtentry4.o(.ARM.Collect$$rtentry$$00000004)
    __rt_entry_li                            0x080001af   Thumb Code     0  rtentry2.o(.ARM.Collect$$rtentry$$0000000A)
    __rt_entry_postsh_1                      0x080001af   Thumb Code     0  rtentry2.o(.ARM.Collect$$rtentry$$00000009)
    __rt_entry_main                          0x080001b3   Thumb Code     0  rtentry2.o(.ARM.Collect$$rtentry$$0000000D)
    __rt_entry_postli_1                      0x080001b3   Thumb Code     0  rtentry2.o(.ARM.Collect$$rtentry$$0000000C)
    __rt_exit                                0x080001bb   Thumb Code     0  rtexit.o(.ARM.Collect$$rtexit$$00000000)
    __rt_exit_ls                             0x080001bd   Thumb Code     0  rtexit2.o(.ARM.Collect$$rtexit$$00000003)
    __rt_exit_prels_1                        0x080001bd   Thumb Code     0  rtexit2.o(.ARM.Collect$$rtexit$$00000002)
    __rt_exit_exit                           0x080001c1   Thumb Code     0  rtexit2.o(.ARM.Collect$$rtexit$$00000004)
    SystemInit                               0x080002a5   Thumb Code    78  system_stm32f10x.o(.text)
    SystemCoreClockUpdate                    0x080002f3   Thumb Code   142  system_stm32f10x.o(.text)
    Reset_Handler                            0x080003a5   Thumb Code     8  startup_stm32f10x_md.o(.text)
    ADC1_2_IRQHandler                        0x080003bf   Thumb Code     0  startup_stm32f10x_md.o(.text)
    CAN1_RX1_IRQHandler                      0x080003bf   Thumb Code     0  startup_stm32f10x_md.o(.text)
    CAN1_SCE_IRQHandler                      0x080003bf   Thumb Code     0  startup_stm32f10x_md.o(.text)
    DMA1_Channel1_IRQHandler                 0x080003bf   Thumb Code     0  startup_stm32f10x_md.o(.text)
    DMA1_Channel2_IRQHandler                 0x080003bf   Thumb Code     0  startup_stm32f10x_md.o(.text)
    DMA1_Channel3_IRQHandler                 0x080003bf   Thumb Code     0  startup_stm32f10x_md.o(.text)
    DMA1_Channel4_IRQHandler                 0x080003bf   Thumb Code     0  startup_stm32f10x_md.o(.text)
    DMA1_Channel6_IRQHandler                 0x080003bf   Thumb Code     0  startup_stm32f10x_md.o(.text)
    DMA1_Channel7_IRQHandler                 0x080003bf   Thumb Code     0  startup_stm32f10x_md.o(.text)
    EXTI0_IRQHandler                         0x080003bf   Thumb Code     0  startup_stm32f10x_md.o(.text)
    EXTI15_10_IRQHandler                     0x080003bf   Thumb Code     0  startup_stm32f10x_md.o(.text)
    EXTI1_IRQHandler                         0x080003bf   Thumb Code     0  startup_stm32f10x_md.o(.text)
    EXTI2_IRQHandler                         0x080003bf   Thumb Code     0  startup_stm32f10x_md.o(.text)
    EXTI3_IRQHandler                         0x080003bf   Thumb Code     0  startup_stm32f10x_md.o(.text)
    EXTI4_IRQHandler                         0x080003bf   Thumb Code     0  startup_stm32f10x_md.o(.text)
    EXTI9_5_IRQHandler                       0x080003bf   Thumb Code     0  startup_stm32f10x_md.o(.text)
    FLASH_IRQHandler                         0x080003bf   Thumb Code     0  startup_stm32f10x_md.o(.text)
    I2C1_ER_IRQHandler                       0x080003bf   Thumb Code     0  startup_stm32f10x_md.o(.text)
    I2C1_EV_IRQHandler                       0x080003bf   Thumb Code     0  startup_stm32f10x_md.o(.text)
    I2C2_ER_IRQHandler                       0x080003bf   Thumb Code     0  startup_stm32f10x_md.o(.text)
    I2C2_EV_IRQHandler                       0x080003bf   Thumb Code     0  startup_stm32f10x_md.o(.text)
    PVD_IRQHandler                           0x080003bf   Thumb Code     0  startup_stm32f10x_md.o(.text)
    RCC_IRQHandler                           0x080003bf   Thumb Code     0  startup_stm32f10x_md.o(.text)
    RTCAlarm_IRQHandler                      0x080003bf   Thumb Code     0  startup_stm32f10x_md.o(.text)
    RTC_IRQHandler                           0x080003bf   Thumb Code     0  startup_stm32f10x_md.o(.text)
    SPI1_IRQHandler                          0x080003bf   Thumb Code     0  startup_stm32f10x_md.o(.text)
    SPI2_IRQHandler                          0x080003bf   Thumb Code     0  startup_stm32f10x_md.o(.text)
    TAMPER_IRQHandler                        0x080003bf   Thumb Code     0  startup_stm32f10x_md.o(.text)
    TIM1_BRK_IRQHandler                      0x080003bf   Thumb Code     0  startup_stm32f10x_md.o(.text)
    TIM1_CC_IRQHandler                       0x080003bf   Thumb Code     0  startup_stm32f10x_md.o(.text)
    TIM1_TRG_COM_IRQHandler                  0x080003bf   Thumb Code     0  startup_stm32f10x_md.o(.text)
    TIM1_UP_IRQHandler                       0x080003bf   Thumb Code     0  startup_stm32f10x_md.o(.text)
    TIM3_IRQHandler                          0x080003bf   Thumb Code     0  startup_stm32f10x_md.o(.text)
    TIM4_IRQHandler                          0x080003bf   Thumb Code     0  startup_stm32f10x_md.o(.text)
    USART1_IRQHandler                        0x080003bf   Thumb Code     0  startup_stm32f10x_md.o(.text)
    USART2_IRQHandler                        0x080003bf   Thumb Code     0  startup_stm32f10x_md.o(.text)
    USBWakeUp_IRQHandler                     0x080003bf   Thumb Code     0  startup_stm32f10x_md.o(.text)
    USB_HP_CAN1_TX_IRQHandler                0x080003bf   Thumb Code     0  startup_stm32f10x_md.o(.text)
    USB_LP_CAN1_RX0_IRQHandler               0x080003bf   Thumb Code     0  startup_stm32f10x_md.o(.text)
    WWDG_IRQHandler                          0x080003bf   Thumb Code     0  startup_stm32f10x_md.o(.text)
    __user_initial_stackheap                 0x080003c1   Thumb Code     0  startup_stm32f10x_md.o(.text)
    NVIC_PriorityGroupConfig                 0x080003e5   Thumb Code    10  misc.o(.text)
    NVIC_Init                                0x080003ef   Thumb Code   102  misc.o(.text)
    NVIC_SetVectorTable                      0x08000455   Thumb Code    14  misc.o(.text)
    NVIC_SystemLPConfig                      0x08000463   Thumb Code    34  misc.o(.text)
    SysTick_CLKSourceConfig                  0x08000485   Thumb Code    40  misc.o(.text)
    GPIO_DeInit                              0x080004c1   Thumb Code   172  stm32f10x_gpio.o(.text)
    GPIO_AFIODeInit                          0x0800056d   Thumb Code    20  stm32f10x_gpio.o(.text)
    GPIO_Init                                0x08000581   Thumb Code   274  stm32f10x_gpio.o(.text)
    GPIO_StructInit                          0x08000693   Thumb Code    16  stm32f10x_gpio.o(.text)
    GPIO_ReadInputDataBit                    0x080006a3   Thumb Code    18  stm32f10x_gpio.o(.text)
    GPIO_ReadInputData                       0x080006b5   Thumb Code     8  stm32f10x_gpio.o(.text)
    GPIO_ReadOutputDataBit                   0x080006bd   Thumb Code    18  stm32f10x_gpio.o(.text)
    GPIO_ReadOutputData                      0x080006cf   Thumb Code     8  stm32f10x_gpio.o(.text)
    GPIO_SetBits                             0x080006d7   Thumb Code     4  stm32f10x_gpio.o(.text)
    GPIO_ResetBits                           0x080006db   Thumb Code     4  stm32f10x_gpio.o(.text)
    GPIO_WriteBit                            0x080006df   Thumb Code    10  stm32f10x_gpio.o(.text)
    GPIO_Write                               0x080006e9   Thumb Code     4  stm32f10x_gpio.o(.text)
    GPIO_PinLockConfig                       0x080006ed   Thumb Code    18  stm32f10x_gpio.o(.text)
    GPIO_EventOutputConfig                   0x080006ff   Thumb Code    26  stm32f10x_gpio.o(.text)
    GPIO_EventOutputCmd                      0x08000719   Thumb Code     6  stm32f10x_gpio.o(.text)
    GPIO_PinRemapConfig                      0x0800071f   Thumb Code   138  stm32f10x_gpio.o(.text)
    GPIO_EXTILineConfig                      0x080007a9   Thumb Code    66  stm32f10x_gpio.o(.text)
    GPIO_ETH_MediaInterfaceConfig            0x080007eb   Thumb Code     6  stm32f10x_gpio.o(.text)
    RCC_DeInit                               0x08000819   Thumb Code    64  stm32f10x_rcc.o(.text)
    RCC_HSEConfig                            0x08000859   Thumb Code    70  stm32f10x_rcc.o(.text)
    RCC_GetFlagStatus                        0x0800089f   Thumb Code    56  stm32f10x_rcc.o(.text)
    RCC_WaitForHSEStartUp                    0x080008d7   Thumb Code    56  stm32f10x_rcc.o(.text)
    RCC_AdjustHSICalibrationValue            0x0800090f   Thumb Code    20  stm32f10x_rcc.o(.text)
    RCC_HSICmd                               0x08000923   Thumb Code     6  stm32f10x_rcc.o(.text)
    RCC_PLLConfig                            0x08000929   Thumb Code    24  stm32f10x_rcc.o(.text)
    RCC_PLLCmd                               0x08000941   Thumb Code     6  stm32f10x_rcc.o(.text)
    RCC_SYSCLKConfig                         0x08000947   Thumb Code    18  stm32f10x_rcc.o(.text)
    RCC_GetSYSCLKSource                      0x08000959   Thumb Code    10  stm32f10x_rcc.o(.text)
    RCC_HCLKConfig                           0x08000963   Thumb Code    18  stm32f10x_rcc.o(.text)
    RCC_PCLK1Config                          0x08000975   Thumb Code    18  stm32f10x_rcc.o(.text)
    RCC_PCLK2Config                          0x08000987   Thumb Code    20  stm32f10x_rcc.o(.text)
    RCC_ITConfig                             0x0800099b   Thumb Code    26  stm32f10x_rcc.o(.text)
    RCC_USBCLKConfig                         0x080009b5   Thumb Code     6  stm32f10x_rcc.o(.text)
    RCC_ADCCLKConfig                         0x080009bb   Thumb Code    18  stm32f10x_rcc.o(.text)
    RCC_LSEConfig                            0x080009cd   Thumb Code    44  stm32f10x_rcc.o(.text)
    RCC_LSICmd                               0x080009f9   Thumb Code     6  stm32f10x_rcc.o(.text)
    RCC_RTCCLKConfig                         0x080009ff   Thumb Code    12  stm32f10x_rcc.o(.text)
    RCC_RTCCLKCmd                            0x08000a0b   Thumb Code     8  stm32f10x_rcc.o(.text)
    RCC_GetClocksFreq                        0x08000a13   Thumb Code   192  stm32f10x_rcc.o(.text)
    RCC_AHBPeriphClockCmd                    0x08000ad3   Thumb Code    26  stm32f10x_rcc.o(.text)
    RCC_APB2PeriphClockCmd                   0x08000aed   Thumb Code    26  stm32f10x_rcc.o(.text)
    RCC_APB1PeriphClockCmd                   0x08000b07   Thumb Code    26  stm32f10x_rcc.o(.text)
    RCC_APB2PeriphResetCmd                   0x08000b21   Thumb Code    26  stm32f10x_rcc.o(.text)
    RCC_APB1PeriphResetCmd                   0x08000b3b   Thumb Code    26  stm32f10x_rcc.o(.text)
    RCC_BackupResetCmd                       0x08000b55   Thumb Code     8  stm32f10x_rcc.o(.text)
    RCC_ClockSecuritySystemCmd               0x08000b5d   Thumb Code     6  stm32f10x_rcc.o(.text)
    RCC_MCOConfig                            0x08000b63   Thumb Code     6  stm32f10x_rcc.o(.text)
    RCC_ClearFlag                            0x08000b69   Thumb Code    14  stm32f10x_rcc.o(.text)
    RCC_GetITStatus                          0x08000b77   Thumb Code    20  stm32f10x_rcc.o(.text)
    RCC_ClearITPendingBit                    0x08000b8b   Thumb Code     6  stm32f10x_rcc.o(.text)
    TIM_DeInit                               0x08000bbd   Thumb Code   424  stm32f10x_tim.o(.text)
    TIM_TimeBaseInit                         0x08000d65   Thumb Code   122  stm32f10x_tim.o(.text)
    TIM_OC1Init                              0x08000ddf   Thumb Code   132  stm32f10x_tim.o(.text)
    TIM_OC2Init                              0x08000e63   Thumb Code   154  stm32f10x_tim.o(.text)
    TIM_OC3Init                              0x08000efd   Thumb Code   150  stm32f10x_tim.o(.text)
    TIM_OC4Init                              0x08000f93   Thumb Code   182  stm32f10x_tim.o(.text)
    TIM_SetIC4Prescaler                      0x08001049   Thumb Code    26  stm32f10x_tim.o(.text)
    TIM_SetIC3Prescaler                      0x080010e5   Thumb Code    18  stm32f10x_tim.o(.text)
    TIM_SetIC2Prescaler                      0x08001171   Thumb Code    26  stm32f10x_tim.o(.text)
    TIM_SetIC1Prescaler                      0x0800120d   Thumb Code    18  stm32f10x_tim.o(.text)
    TIM_ICInit                               0x0800128b   Thumb Code   150  stm32f10x_tim.o(.text)
    TIM_PWMIConfig                           0x08001321   Thumb Code   124  stm32f10x_tim.o(.text)
    TIM_BDTRConfig                           0x0800139d   Thumb Code    32  stm32f10x_tim.o(.text)
    TIM_TimeBaseStructInit                   0x080013bd   Thumb Code    18  stm32f10x_tim.o(.text)
    TIM_OCStructInit                         0x080013cf   Thumb Code    20  stm32f10x_tim.o(.text)
    TIM_ICStructInit                         0x080013e3   Thumb Code    18  stm32f10x_tim.o(.text)
    TIM_BDTRStructInit                       0x080013f5   Thumb Code    40  stm32f10x_tim.o(.text)
    TIM_Cmd                                  0x0800141d   Thumb Code    24  stm32f10x_tim.o(.text)
    TIM_CtrlPWMOutputs                       0x08001435   Thumb Code    30  stm32f10x_tim.o(.text)
    TIM_ITConfig                             0x08001453   Thumb Code    18  stm32f10x_tim.o(.text)
    TIM_GenerateEvent                        0x08001465   Thumb Code     4  stm32f10x_tim.o(.text)
    TIM_DMAConfig                            0x08001469   Thumb Code    10  stm32f10x_tim.o(.text)
    TIM_DMACmd                               0x08001473   Thumb Code    18  stm32f10x_tim.o(.text)
    TIM_InternalClockConfig                  0x08001485   Thumb Code    12  stm32f10x_tim.o(.text)
    TIM_SelectInputTrigger                   0x08001491   Thumb Code    18  stm32f10x_tim.o(.text)
    TIM_ITRxExternalClockConfig              0x080014a3   Thumb Code    24  stm32f10x_tim.o(.text)
    TIM_TIxExternalClockConfig               0x080014bb   Thumb Code    62  stm32f10x_tim.o(.text)
    TIM_ETRConfig                            0x080014f9   Thumb Code    28  stm32f10x_tim.o(.text)
    TIM_ETRClockMode1Config                  0x08001515   Thumb Code    54  stm32f10x_tim.o(.text)
    TIM_ETRClockMode2Config                  0x0800154b   Thumb Code    32  stm32f10x_tim.o(.text)
    TIM_PrescalerConfig                      0x0800156b   Thumb Code     6  stm32f10x_tim.o(.text)
    TIM_CounterModeConfig                    0x08001571   Thumb Code    18  stm32f10x_tim.o(.text)
    TIM_EncoderInterfaceConfig               0x08001583   Thumb Code    66  stm32f10x_tim.o(.text)
    TIM_ForcedOC1Config                      0x080015c5   Thumb Code    18  stm32f10x_tim.o(.text)
    TIM_ForcedOC2Config                      0x080015d7   Thumb Code    26  stm32f10x_tim.o(.text)
    TIM_ForcedOC3Config                      0x080015f1   Thumb Code    18  stm32f10x_tim.o(.text)
    TIM_ForcedOC4Config                      0x08001603   Thumb Code    26  stm32f10x_tim.o(.text)
    TIM_ARRPreloadConfig                     0x0800161d   Thumb Code    24  stm32f10x_tim.o(.text)
    TIM_SelectCOM                            0x08001635   Thumb Code    24  stm32f10x_tim.o(.text)
    TIM_SelectCCDMA                          0x0800164d   Thumb Code    24  stm32f10x_tim.o(.text)
    TIM_CCPreloadControl                     0x08001665   Thumb Code    24  stm32f10x_tim.o(.text)
    TIM_OC1PreloadConfig                     0x0800167d   Thumb Code    18  stm32f10x_tim.o(.text)
    TIM_OC2PreloadConfig                     0x0800168f   Thumb Code    26  stm32f10x_tim.o(.text)
    TIM_OC3PreloadConfig                     0x080016a9   Thumb Code    18  stm32f10x_tim.o(.text)
    TIM_OC4PreloadConfig                     0x080016bb   Thumb Code    26  stm32f10x_tim.o(.text)
    TIM_OC1FastConfig                        0x080016d5   Thumb Code    18  stm32f10x_tim.o(.text)
    TIM_OC2FastConfig                        0x080016e7   Thumb Code    26  stm32f10x_tim.o(.text)
    TIM_OC3FastConfig                        0x08001701   Thumb Code    18  stm32f10x_tim.o(.text)
    TIM_OC4FastConfig                        0x08001713   Thumb Code    26  stm32f10x_tim.o(.text)
    TIM_ClearOC1Ref                          0x0800172d   Thumb Code    18  stm32f10x_tim.o(.text)
    TIM_ClearOC2Ref                          0x0800173f   Thumb Code    24  stm32f10x_tim.o(.text)
    TIM_ClearOC3Ref                          0x08001757   Thumb Code    18  stm32f10x_tim.o(.text)
    TIM_ClearOC4Ref                          0x08001769   Thumb Code    24  stm32f10x_tim.o(.text)
    TIM_OC1PolarityConfig                    0x08001781   Thumb Code    18  stm32f10x_tim.o(.text)
    TIM_OC1NPolarityConfig                   0x08001793   Thumb Code    18  stm32f10x_tim.o(.text)
    TIM_OC2PolarityConfig                    0x080017a5   Thumb Code    26  stm32f10x_tim.o(.text)
    TIM_OC2NPolarityConfig                   0x080017bf   Thumb Code    26  stm32f10x_tim.o(.text)
    TIM_OC3PolarityConfig                    0x080017d9   Thumb Code    26  stm32f10x_tim.o(.text)
    TIM_OC3NPolarityConfig                   0x080017f3   Thumb Code    26  stm32f10x_tim.o(.text)
    TIM_OC4PolarityConfig                    0x0800180d   Thumb Code    26  stm32f10x_tim.o(.text)
    TIM_CCxCmd                               0x08001827   Thumb Code    30  stm32f10x_tim.o(.text)
    TIM_CCxNCmd                              0x08001845   Thumb Code    30  stm32f10x_tim.o(.text)
    TIM_SelectOCxM                           0x08001863   Thumb Code    82  stm32f10x_tim.o(.text)
    TIM_UpdateDisableConfig                  0x080018b5   Thumb Code    24  stm32f10x_tim.o(.text)
    TIM_UpdateRequestConfig                  0x080018cd   Thumb Code    24  stm32f10x_tim.o(.text)
    TIM_SelectHallSensor                     0x080018e5   Thumb Code    24  stm32f10x_tim.o(.text)
    TIM_SelectOnePulseMode                   0x080018fd   Thumb Code    18  stm32f10x_tim.o(.text)
    TIM_SelectOutputTrigger                  0x0800190f   Thumb Code    18  stm32f10x_tim.o(.text)
    TIM_SelectSlaveMode                      0x08001921   Thumb Code    18  stm32f10x_tim.o(.text)
    TIM_SelectMasterSlaveMode                0x08001933   Thumb Code    18  stm32f10x_tim.o(.text)
    TIM_SetCounter                           0x08001945   Thumb Code     4  stm32f10x_tim.o(.text)
    TIM_SetAutoreload                        0x08001949   Thumb Code     4  stm32f10x_tim.o(.text)
    TIM_SetCompare1                          0x0800194d   Thumb Code     4  stm32f10x_tim.o(.text)
    TIM_SetCompare2                          0x08001951   Thumb Code     4  stm32f10x_tim.o(.text)
    TIM_SetCompare3                          0x08001955   Thumb Code     4  stm32f10x_tim.o(.text)
    TIM_SetCompare4                          0x08001959   Thumb Code     6  stm32f10x_tim.o(.text)
    TIM_SetClockDivision                     0x0800195f   Thumb Code    18  stm32f10x_tim.o(.text)
    TIM_GetCapture1                          0x08001971   Thumb Code     6  stm32f10x_tim.o(.text)
    TIM_GetCapture2                          0x08001977   Thumb Code     6  stm32f10x_tim.o(.text)
    TIM_GetCapture3                          0x0800197d   Thumb Code     6  stm32f10x_tim.o(.text)
    TIM_GetCapture4                          0x08001983   Thumb Code     8  stm32f10x_tim.o(.text)
    TIM_GetCounter                           0x0800198b   Thumb Code     6  stm32f10x_tim.o(.text)
    TIM_GetPrescaler                         0x08001991   Thumb Code     6  stm32f10x_tim.o(.text)
    TIM_GetFlagStatus                        0x08001997   Thumb Code    18  stm32f10x_tim.o(.text)
    TIM_ClearFlag                            0x080019a9   Thumb Code     6  stm32f10x_tim.o(.text)
    TIM_GetITStatus                          0x080019af   Thumb Code    34  stm32f10x_tim.o(.text)
    TIM_ClearITPendingBit                    0x080019d1   Thumb Code     6  stm32f10x_tim.o(.text)
    USART_DeInit                             0x080019d9   Thumb Code   134  stm32f10x_usart.o(.text)
    USART_Init                               0x08001a5f   Thumb Code   210  stm32f10x_usart.o(.text)
    USART_StructInit                         0x08001b31   Thumb Code    24  stm32f10x_usart.o(.text)
    USART_ClockInit                          0x08001b49   Thumb Code    34  stm32f10x_usart.o(.text)
    USART_ClockStructInit                    0x08001b6b   Thumb Code    12  stm32f10x_usart.o(.text)
    USART_Cmd                                0x08001b77   Thumb Code    24  stm32f10x_usart.o(.text)
    USART_ITConfig                           0x08001b8f   Thumb Code    74  stm32f10x_usart.o(.text)
    USART_DMACmd                             0x08001bd9   Thumb Code    18  stm32f10x_usart.o(.text)
    USART_SetAddress                         0x08001beb   Thumb Code    18  stm32f10x_usart.o(.text)
    USART_WakeUpConfig                       0x08001bfd   Thumb Code    18  stm32f10x_usart.o(.text)
    USART_ReceiverWakeUpCmd                  0x08001c0f   Thumb Code    24  stm32f10x_usart.o(.text)
    USART_LINBreakDetectLengthConfig         0x08001c27   Thumb Code    18  stm32f10x_usart.o(.text)
    USART_LINCmd                             0x08001c39   Thumb Code    24  stm32f10x_usart.o(.text)
    USART_SendData                           0x08001c51   Thumb Code     8  stm32f10x_usart.o(.text)
    USART_ReceiveData                        0x08001c59   Thumb Code    10  stm32f10x_usart.o(.text)
    USART_SendBreak                          0x08001c63   Thumb Code    10  stm32f10x_usart.o(.text)
    USART_SetGuardTime                       0x08001c6d   Thumb Code    16  stm32f10x_usart.o(.text)
    USART_SetPrescaler                       0x08001c7d   Thumb Code    16  stm32f10x_usart.o(.text)
    USART_SmartCardCmd                       0x08001c8d   Thumb Code    24  stm32f10x_usart.o(.text)
    USART_SmartCardNACKCmd                   0x08001ca5   Thumb Code    24  stm32f10x_usart.o(.text)
    USART_HalfDuplexCmd                      0x08001cbd   Thumb Code    24  stm32f10x_usart.o(.text)
    USART_OverSampling8Cmd                   0x08001cd5   Thumb Code    22  stm32f10x_usart.o(.text)
    USART_OneBitMethodCmd                    0x08001ceb   Thumb Code    24  stm32f10x_usart.o(.text)
    USART_IrDAConfig                         0x08001d03   Thumb Code    18  stm32f10x_usart.o(.text)
    USART_IrDACmd                            0x08001d15   Thumb Code    24  stm32f10x_usart.o(.text)
    USART_GetFlagStatus                      0x08001d2d   Thumb Code    26  stm32f10x_usart.o(.text)
    USART_ClearFlag                          0x08001d47   Thumb Code    18  stm32f10x_usart.o(.text)
    USART_GetITStatus                        0x08001d59   Thumb Code    84  stm32f10x_usart.o(.text)
    USART_ClearITPendingBit                  0x08001dad   Thumb Code    52  stm32f10x_usart.o(.text)
    DMA_DeInit                               0x08001de1   Thumb Code   324  stm32f10x_dma.o(.text)
    DMA_Init                                 0x08001f25   Thumb Code    60  stm32f10x_dma.o(.text)
    DMA_StructInit                           0x08001f61   Thumb Code    26  stm32f10x_dma.o(.text)
    DMA_Cmd                                  0x08001f7b   Thumb Code    24  stm32f10x_dma.o(.text)
    DMA_ITConfig                             0x08001f93   Thumb Code    18  stm32f10x_dma.o(.text)
    DMA_SetCurrDataCounter                   0x08001fa5   Thumb Code     4  stm32f10x_dma.o(.text)
    DMA_GetCurrDataCounter                   0x08001fa9   Thumb Code     8  stm32f10x_dma.o(.text)
    DMA_GetFlagStatus                        0x08001fb1   Thumb Code    38  stm32f10x_dma.o(.text)
    DMA_ClearFlag                            0x08001fd7   Thumb Code    22  stm32f10x_dma.o(.text)
    DMA_GetITStatus                          0x08001fed   Thumb Code    38  stm32f10x_dma.o(.text)
    DMA_ClearITPendingBit                    0x08002013   Thumb Code    22  stm32f10x_dma.o(.text)
    main                                     0x08002031   Thumb Code   150  main.o(.text)
    NMI_Handler                              0x080020f9   Thumb Code     2  stm32f10x_it.o(.text)
    HardFault_Handler                        0x080020fb   Thumb Code     4  stm32f10x_it.o(.text)
    MemManage_Handler                        0x080020ff   Thumb Code     4  stm32f10x_it.o(.text)
    BusFault_Handler                         0x08002103   Thumb Code     4  stm32f10x_it.o(.text)
    UsageFault_Handler                       0x08002107   Thumb Code     4  stm32f10x_it.o(.text)
    SVC_Handler                              0x0800210b   Thumb Code     2  stm32f10x_it.o(.text)
    DebugMon_Handler                         0x0800210d   Thumb Code     2  stm32f10x_it.o(.text)
    PendSV_Handler                           0x0800210f   Thumb Code     2  stm32f10x_it.o(.text)
    SysTick_Handler                          0x08002111   Thumb Code     2  stm32f10x_it.o(.text)
    TIM2_IRQHandler                          0x08002113   Thumb Code    32  stm32f10x_it.o(.text)
    Timer2_Init                              0x08002139   Thumb Code    86  timer.o(.text)
    delay_init                               0x08002191   Thumb Code    50  delay.o(.text)
    delay_ms                                 0x080021c3   Thumb Code    54  delay.o(.text)
    delay_us                                 0x080021f9   Thumb Code    54  delay.o(.text)
    IIC_Start                                0x08002239   Thumb Code    68  myiic.o(.text)
    IIC_Stop                                 0x0800227d   Thumb Code    66  myiic.o(.text)
    IIC_Wait_Ack                             0x080022bf   Thumb Code    82  myiic.o(.text)
    IIC_Ack                                  0x08002311   Thumb Code    72  myiic.o(.text)
    IIC_NAck                                 0x08002359   Thumb Code    72  myiic.o(.text)
    IIC_Send_Byte                            0x080023a1   Thumb Code    96  myiic.o(.text)
    IIC_Read_Byte                            0x08002401   Thumb Code    84  myiic.o(.text)
    IIC_Init                                 0x08002455   Thumb Code    52  myiic.o(.text)
    IIC_Write_Buffer                         0x08002489   Thumb Code    94  myiic.o(.text)
    IIC_Write                                0x080024e7   Thumb Code    38  myiic.o(.text)
    IIC_Read_Buffer                          0x0800250d   Thumb Code   114  myiic.o(.text)
    IIC_Read                                 0x0800257f   Thumb Code    38  myiic.o(.text)
    IIC_WriteOneByte                         0x080025a5   Thumb Code    66  myiic.o(.text)
    IIC_GetErrorCounter                      0x080025e7   Thumb Code     4  myiic.o(.text)
    MPU6050_Init                             0x08002601   Thumb Code    90  mpu6050.o(.text)
    MPU6050_Pose                             0x0800265b   Thumb Code   574  mpu6050.o(.text)
    mpu_get_accel_sens                       0x080028d9   Thumb Code    78  inv_mpu.o(.text)
    mpu_get_gyro_sens                        0x08002927   Thumb Code    58  inv_mpu.o(.text)
    mpu_reset_fifo                           0x08002961   Thumb Code   450  inv_mpu.o(.text)
    mpu_set_lpf                              0x08002bad   Thumb Code   126  inv_mpu.o(.text)
    mpu_set_compass_sample_rate              0x08002c2b   Thumb Code    92  inv_mpu.o(.text)
    mpu_configure_fifo                       0x08002c87   Thumb Code   128  inv_mpu.o(.text)
    mpu_set_int_latched                      0x08002d07   Thumb Code   102  inv_mpu.o(.text)
    mpu_lp_accel_mode                        0x08002d6d   Thumb Code   218  inv_mpu.o(.text)
    mpu_set_sample_rate                      0x08002e47   Thumb Code   174  inv_mpu.o(.text)
    mpu_set_bypass                           0x08002ef5   Thumb Code   328  inv_mpu.o(.text)
    mpu_set_dmp_state                        0x0800303d   Thumb Code   144  inv_mpu.o(.text)
    mpu_set_sensors                          0x080030cd   Thumb Code   222  inv_mpu.o(.text)
    mpu_set_accel_fsr                        0x080031ab   Thumb Code   126  inv_mpu.o(.text)
    mpu_set_gyro_fsr                         0x08003229   Thumb Code   132  inv_mpu.o(.text)
    mpu_get_fifo_config                      0x08003abb   Thumb Code    12  inv_mpu.o(.text)
    mpu_get_sample_rate                      0x08003ac7   Thumb Code    26  inv_mpu.o(.text)
    mpu_get_lpf                              0x08003ae1   Thumb Code    74  inv_mpu.o(.text)
    mpu_get_accel_fsr                        0x08003b2b   Thumb Code    72  inv_mpu.o(.text)
    mpu_get_gyro_fsr                         0x08003b73   Thumb Code    64  inv_mpu.o(.text)
    mpu_run_self_test                        0x08003bb3   Thumb Code   304  inv_mpu.o(.text)
    run_self_test                            0x08003ce3   Thumb Code   144  inv_mpu.o(.text)
    inv_row_2_scale                          0x08003d73   Thumb Code    78  inv_mpu.o(.text)
    inv_orientation_matrix_to_scalar         0x08003dc1   Thumb Code    40  inv_mpu.o(.text)
    get_ms                                   0x08003de9   Thumb Code     2  inv_mpu.o(.text)
    mpu_reg_dump                             0x08003deb   Thumb Code    72  inv_mpu.o(.text)
    mpu_read_reg                             0x08003e33   Thumb Code    66  inv_mpu.o(.text)
    mpu_init                                 0x080040cd   Thumb Code   526  inv_mpu.o(.text)
    mpu_get_gyro_reg                         0x080042db   Thumb Code   102  inv_mpu.o(.text)
    mpu_get_accel_reg                        0x08004341   Thumb Code   110  inv_mpu.o(.text)
    mpu_get_temperature                      0x080043af   Thumb Code   150  inv_mpu.o(.text)
    mpu_set_accel_bias                       0x08004445   Thumb Code   380  inv_mpu.o(.text)
    mpu_get_compass_sample_rate              0x080045c1   Thumb Code    12  inv_mpu.o(.text)
    mpu_get_power_state                      0x080045cd   Thumb Code    22  inv_mpu.o(.text)
    mpu_get_int_status                       0x080045e3   Thumb Code    64  inv_mpu.o(.text)
    mpu_read_fifo                            0x08004623   Thumb Code   508  inv_mpu.o(.text)
    mpu_read_fifo_stream                     0x0800481f   Thumb Code   186  inv_mpu.o(.text)
    mpu_set_int_level                        0x080048d9   Thumb Code    12  inv_mpu.o(.text)
    mpu_write_mem                            0x080048e5   Thumb Code   122  inv_mpu.o(.text)
    mpu_read_mem                             0x0800495f   Thumb Code   122  inv_mpu.o(.text)
    mpu_load_firmware                        0x080049d9   Thumb Code   180  inv_mpu.o(.text)
    mpu_get_dmp_state                        0x08004a8d   Thumb Code    14  inv_mpu.o(.text)
    mpu_get_compass_reg                      0x08004a9b   Thumb Code   236  inv_mpu.o(.text)
    mpu_get_compass_fsr                      0x08004b87   Thumb Code    14  inv_mpu.o(.text)
    mpu_lp_motion_interrupt                  0x08004b95   Thumb Code   512  inv_mpu.o(.text)
    dmp_load_motion_driver_firmware          0x08004d99   Thumb Code    20  inv_mpu_dmp_motion_driver.o(.text)
    dmp_set_orientation                      0x08004dad   Thumb Code   290  inv_mpu_dmp_motion_driver.o(.text)
    dmp_set_gyro_bias                        0x08004ecf   Thumb Code   294  inv_mpu_dmp_motion_driver.o(.text)
    dmp_set_accel_bias                       0x08004ff5   Thumb Code   300  inv_mpu_dmp_motion_driver.o(.text)
    dmp_set_fifo_rate                        0x08005121   Thumb Code   136  inv_mpu_dmp_motion_driver.o(.text)
    dmp_get_fifo_rate                        0x080051a9   Thumb Code    12  inv_mpu_dmp_motion_driver.o(.text)
    dmp_set_tap_thresh                       0x080051b5   Thumb Code   396  inv_mpu_dmp_motion_driver.o(.text)
    dmp_set_tap_axes                         0x08005341   Thumb Code    70  inv_mpu_dmp_motion_driver.o(.text)
    dmp_set_tap_count                        0x08005387   Thumb Code    38  inv_mpu_dmp_motion_driver.o(.text)
    dmp_set_tap_time                         0x080053ad   Thumb Code    38  inv_mpu_dmp_motion_driver.o(.text)
    dmp_set_tap_time_multi                   0x080053d3   Thumb Code    38  inv_mpu_dmp_motion_driver.o(.text)
    dmp_set_shake_reject_thresh              0x080053f9   Thumb Code    56  inv_mpu_dmp_motion_driver.o(.text)
    dmp_set_shake_reject_time                0x08005431   Thumb Code    38  inv_mpu_dmp_motion_driver.o(.text)
    dmp_set_shake_reject_timeout             0x08005457   Thumb Code    38  inv_mpu_dmp_motion_driver.o(.text)
    dmp_get_pedometer_step_count             0x0800547d   Thumb Code    66  inv_mpu_dmp_motion_driver.o(.text)
    dmp_set_pedometer_step_count             0x080054bf   Thumb Code    42  inv_mpu_dmp_motion_driver.o(.text)
    dmp_get_pedometer_walk_time              0x080054e9   Thumb Code    72  inv_mpu_dmp_motion_driver.o(.text)
    dmp_set_pedometer_walk_time              0x08005531   Thumb Code    48  inv_mpu_dmp_motion_driver.o(.text)
    dmp_enable_6x_lp_quat                    0x08005561   Thumb Code    84  inv_mpu_dmp_motion_driver.o(.text)
    dmp_enable_lp_quat                       0x080055b5   Thumb Code    60  inv_mpu_dmp_motion_driver.o(.text)
    dmp_enable_gyro_cal                      0x080055f1   Thumb Code    62  inv_mpu_dmp_motion_driver.o(.text)
    dmp_enable_feature                       0x0800562f   Thumb Code   530  inv_mpu_dmp_motion_driver.o(.text)
    dmp_get_enabled_features                 0x08005841   Thumb Code    12  inv_mpu_dmp_motion_driver.o(.text)
    dmp_set_interrupt_mode                   0x080058ab   Thumb Code    66  inv_mpu_dmp_motion_driver.o(.text)
    dmp_read_fifo                            0x080058ed   Thumb Code   506  inv_mpu_dmp_motion_driver.o(.text)
    dmp_register_tap_cb                      0x08005ae7   Thumb Code    10  inv_mpu_dmp_motion_driver.o(.text)
    dmp_register_android_orient_cb           0x08005af1   Thumb Code    10  inv_mpu_dmp_motion_driver.o(.text)
    DMA_Config                               0x08005b29   Thumb Code    90  uart_for_dbus.o(.text)
    USART1_Config                            0x08005b83   Thumb Code   126  uart_for_dbus.o(.text)
    DMA1_Channel5_IRQHandler                 0x08005c01   Thumb Code   260  uart_for_dbus.o(.text)
    uart_init                                0x08005d1d   Thumb Code   114  uart_for_pc.o(.text)
    UsartSend                                0x08005d8f   Thumb Code    24  uart_for_pc.o(.text)
    PrintChar                                0x08005da7   Thumb Code    24  uart_for_pc.o(.text)
    UART2_Put_Char                           0x08005dbf   Thumb Code    24  uart_for_pc.o(.text)
    UART2_ReportIMU                          0x08005dd7   Thumb Code   272  uart_for_pc.o(.text)
    uart_putbuff                             0x08005ee7   Thumb Code    26  uart_for_pc.o(.text)
    CRC_send                                 0x08005f01   Thumb Code   134  uart_for_pc.o(.text)
    USART3_NVIC                              0x08005f91   Thumb Code    32  uart_for_hc_sr04.o(.text)
    US100_USART3_Config                      0x08005fb1   Thumb Code   136  uart_for_hc_sr04.o(.text)
    USART3_IRQHandler                        0x08006039   Thumb Code   100  uart_for_hc_sr04.o(.text)
    Motor_PWM_Init                           0x0800619f   Thumb Code    20  motor.o(.text)
    Motor_PWM_OUTPUT                         0x080061b3   Thumb Code    48  motor.o(.text)
    pidInit                                  0x080061f1   Thumb Code    28  control.o(.text)
    pidUpdate                                0x0800620d   Thumb Code   206  control.o(.text)
    pidSetIntegralLimit                      0x080062db   Thumb Code     4  control.o(.text)
    PID_controllerInit                       0x080062df   Thumb Code    78  control.o(.text)
    MOTORLimit                               0x0800632d   Thumb Code    42  control.o(.text)
    PID_CAL                                  0x08006357   Thumb Code   436  control.o(.text)
    Getdesireddata                           0x0800650b   Thumb Code  1130  control.o(.text)
    Motor_Protect                            0x08006975   Thumb Code    40  control.o(.text)
    IAC_Init                                 0x08006a41   Thumb Code    98  app.o(.text)
    Sensor_Init                              0x08006aa3   Thumb Code     2  app.o(.text)
    __aeabi_ldivmod                          0x08006aad   Thumb Code     0  llsdiv.o(.text)
    _ll_sdiv                                 0x08006aad   Thumb Code    72  llsdiv.o(.text)
    memcmp                                   0x08006af5   Thumb Code    88  memcmp.o(.text)
    __aeabi_memset                           0x08006b4d   Thumb Code    16  aeabi_memset.o(.text)
    __use_two_region_memory                  0x08006b5d   Thumb Code     2  heapauxi.o(.text)
    __rt_heap_escrow$2region                 0x08006b5f   Thumb Code     2  heapauxi.o(.text)
    __rt_heap_expand$2region                 0x08006b61   Thumb Code     2  heapauxi.o(.text)
    __aeabi_uldivmod                         0x08006b63   Thumb Code     0  lludivv7m.o(.text)
    _ll_udiv                                 0x08006b63   Thumb Code   238  lludivv7m.o(.text)
    __read_errno                             0x08006c51   Thumb Code    10  _rserrno.o(.text)
    __set_errno                              0x08006c5b   Thumb Code    12  _rserrno.o(.text)
    __aeabi_memclr                           0x08006c67   Thumb Code     0  rt_memclr.o(.text)
    __rt_memclr                              0x08006c67   Thumb Code    68  rt_memclr.o(.text)
    _memset                                  0x08006c6b   Thumb Code     0  rt_memclr.o(.text)
    __aeabi_errno_addr                       0x08006cad   Thumb Code     8  rt_errno_addr_intlibspace.o(.text)
    __errno$intlibspace                      0x08006cad   Thumb Code     0  rt_errno_addr_intlibspace.o(.text)
    __rt_errno_addr$intlibspace              0x08006cad   Thumb Code     0  rt_errno_addr_intlibspace.o(.text)
    __aeabi_memclr4                          0x08006cb5   Thumb Code     0  rt_memclr_w.o(.text)
    __aeabi_memclr8                          0x08006cb5   Thumb Code     0  rt_memclr_w.o(.text)
    __rt_memclr_w                            0x08006cb5   Thumb Code    78  rt_memclr_w.o(.text)
    _memset_w                                0x08006cb9   Thumb Code     0  rt_memclr_w.o(.text)
    __user_libspace                          0x08006d05   Thumb Code     8  libspace.o(.text)
    __user_perproc_libspace                  0x08006d05   Thumb Code     0  libspace.o(.text)
    __user_perthread_libspace                0x08006d05   Thumb Code     0  libspace.o(.text)
    __user_setup_stackheap                   0x08006d0d   Thumb Code    74  sys_stackheap_outer.o(.text)
    exit                                     0x08006d57   Thumb Code    12  exit.o(.text)
    _sys_exit                                0x08006d65   Thumb Code     8  sys_exit.o(.text)
    __I$use$semihosting                      0x08006d71   Thumb Code     0  use_no_semi.o(.text)
    __use_no_semihosting_swi                 0x08006d71   Thumb Code     2  use_no_semi.o(.text)
    __ARM_fpclassify                         0x08006d73   Thumb Code    40  fpclassify.o(i.__ARM_fpclassify)
    __semihosting_library_function           0x08006d73   Thumb Code     0  indicate_semi.o(.text)
    __kernel_poly                            0x08006d9b   Thumb Code   170  poly.o(i.__kernel_poly)
    __mathlib_dbl_underflow                  0x08006e45   Thumb Code    10  dunder.o(i.__mathlib_dbl_underflow)
    asin                                     0x08006e55   Thumb Code   584  asin.o(i.asin)
    atan                                     0x080070d1   Thumb Code   478  atan.o(i.atan)
    atan2                                    0x080072f5   Thumb Code   346  atan2.o(i.atan2)
    sqrt                                     0x08007475   Thumb Code    76  sqrt.o(i.sqrt)
    __aeabi_d2f                              0x080074c1   Thumb Code     0  d2f.o(x$fpl$d2f)
    _d2f                                     0x080074c1   Thumb Code    98  d2f.o(x$fpl$d2f)
    __aeabi_dadd                             0x08007525   Thumb Code     0  daddsub_clz.o(x$fpl$dadd)
    _dadd                                    0x08007525   Thumb Code   332  daddsub_clz.o(x$fpl$dadd)
    __fpl_dcheck_NaN1                        0x08007675   Thumb Code    10  dcheck1.o(x$fpl$dcheck1)
    __fpl_dcmp_Inf                           0x08007685   Thumb Code    24  dcmpi.o(x$fpl$dcmpinf)
    __aeabi_ddiv                             0x0800769d   Thumb Code     0  ddiv.o(x$fpl$ddiv)
    _ddiv                                    0x0800769d   Thumb Code   552  ddiv.o(x$fpl$ddiv)
    __aeabi_cdcmple                          0x0800794d   Thumb Code     0  dleqf.o(x$fpl$dleqf)
    _dcmple                                  0x0800794d   Thumb Code   120  dleqf.o(x$fpl$dleqf)
    __fpl_dcmple_InfNaN                      0x080079af   Thumb Code     0  dleqf.o(x$fpl$dleqf)
    __aeabi_dmul                             0x080079c5   Thumb Code     0  dmul.o(x$fpl$dmul)
    _dmul                                    0x080079c5   Thumb Code   332  dmul.o(x$fpl$dmul)
    __fpl_dnaninf                            0x08007b19   Thumb Code   156  dnaninf.o(x$fpl$dnaninf)
    __fpl_dretinf                            0x08007bb5   Thumb Code    12  dretinf.o(x$fpl$dretinf)
    __aeabi_cdrcmple                         0x08007bc1   Thumb Code     0  drleqf.o(x$fpl$drleqf)
    _drcmple                                 0x08007bc1   Thumb Code   108  drleqf.o(x$fpl$drleqf)
    __aeabi_drsub                            0x08007c2d   Thumb Code     0  daddsub_clz.o(x$fpl$drsb)
    _drsb                                    0x08007c2d   Thumb Code    22  daddsub_clz.o(x$fpl$drsb)
    _dsqrt                                   0x08007c45   Thumb Code   456  dsqrt_noumaal.o(x$fpl$dsqrt)
    __aeabi_dsub                             0x08007e11   Thumb Code     0  daddsub_clz.o(x$fpl$dsub)
    _dsub                                    0x08007e11   Thumb Code   464  daddsub_clz.o(x$fpl$dsub)
    __aeabi_f2d                              0x08007fe5   Thumb Code     0  f2d.o(x$fpl$f2d)
    _f2d                                     0x08007fe5   Thumb Code    86  f2d.o(x$fpl$f2d)
    __aeabi_fadd                             0x0800803d   Thumb Code     0  faddsub_clz.o(x$fpl$fadd)
    _fadd                                    0x0800803d   Thumb Code   196  faddsub_clz.o(x$fpl$fadd)
    __fpl_fcmp_Inf                           0x08008101   Thumb Code    24  fcmpi.o(x$fpl$fcmpinf)
    __aeabi_fdiv                             0x08008119   Thumb Code     0  fdiv.o(x$fpl$fdiv)
    _fdiv                                    0x08008119   Thumb Code   384  fdiv.o(x$fpl$fdiv)
    __aeabi_cfcmpeq                          0x0800829d   Thumb Code     0  feqf.o(x$fpl$feqf)
    _fcmpeq                                  0x0800829d   Thumb Code   104  feqf.o(x$fpl$feqf)
    __aeabi_f2iz                             0x08008305   Thumb Code     0  ffix.o(x$fpl$ffix)
    _ffix                                    0x08008305   Thumb Code    54  ffix.o(x$fpl$ffix)
    __aeabi_f2uiz                            0x0800833d   Thumb Code     0  ffixu.o(x$fpl$ffixu)
    _ffixu                                   0x0800833d   Thumb Code    62  ffixu.o(x$fpl$ffixu)
    __aeabi_i2f                              0x0800837d   Thumb Code     0  fflt_clz.o(x$fpl$fflt)
    _fflt                                    0x0800837d   Thumb Code    48  fflt_clz.o(x$fpl$fflt)
    __aeabi_ui2f                             0x080083ad   Thumb Code     0  fflt_clz.o(x$fpl$ffltu)
    _ffltu                                   0x080083ad   Thumb Code    38  fflt_clz.o(x$fpl$ffltu)
    __aeabi_cfcmple                          0x080083d5   Thumb Code     0  fleqf.o(x$fpl$fleqf)
    _fcmple                                  0x080083d5   Thumb Code   104  fleqf.o(x$fpl$fleqf)
    __fpl_fcmple_InfNaN                      0x08008427   Thumb Code     0  fleqf.o(x$fpl$fleqf)
    __aeabi_fmul                             0x0800843d   Thumb Code     0  fmul.o(x$fpl$fmul)
    _fmul                                    0x0800843d   Thumb Code   258  fmul.o(x$fpl$fmul)
    __fpl_fnaninf                            0x0800853f   Thumb Code   140  fnaninf.o(x$fpl$fnaninf)
    __fpl_fretinf                            0x080085cb   Thumb Code    10  fretinf.o(x$fpl$fretinf)
    __aeabi_cfrcmple                         0x080085d5   Thumb Code     0  frleqf.o(x$fpl$frleqf)
    _frcmple                                 0x080085d5   Thumb Code    98  frleqf.o(x$fpl$frleqf)
    __aeabi_frsub                            0x08008637   Thumb Code     0  faddsub_clz.o(x$fpl$frsb)
    _frsb                                    0x08008637   Thumb Code    20  faddsub_clz.o(x$fpl$frsb)
    __aeabi_fsub                             0x0800864d   Thumb Code     0  faddsub_clz.o(x$fpl$fsub)
    _fsub                                    0x0800864d   Thumb Code   234  faddsub_clz.o(x$fpl$fsub)
    __fpl_return_NaN                         0x08008737   Thumb Code   100  retnan.o(x$fpl$retnan)
    __ARM_scalbn                             0x0800879b   Thumb Code    92  scalbn.o(x$fpl$scalbn)
    __fpl_cmpreturn                          0x080087f7   Thumb Code    48  trapv.o(x$fpl$trapveneer)
    __I$use$fp                               0x08008826   Number         0  usenofp.o(x$fpl$usenofp)
    hw                                       0x08008828   Data          14  inv_mpu.o(.constdata)
    reg                                      0x08008836   Data          39  inv_mpu.o(.constdata)
    test                                     0x08008860   Data          40  inv_mpu.o(.constdata)
    __mathlib_zero                           0x080095b8   Data           8  qnan.o(.constdata)
    Region$$Table$$Base                      0x080095c0   Number         0  anon$$obj.o(Region$$Table)
    Region$$Table$$Limit                     0x080095e0   Number         0  anon$$obj.o(Region$$Table)
    SystemCoreClock                          0x20000000   Data           4  system_stm32f10x.o(.data)
    AHBPrescTable                            0x20000004   Data          16  system_stm32f10x.o(.data)
    tim2flag                                 0x20000028   Data           1  main.o(.data)
    US100_Flag                               0x20000029   Data           1  main.o(.data)
    Distance                                 0x2000002c   Data           4  main.o(.data)
    q0                                       0x20000040   Data           4  mpu6050.o(.data)
    q1                                       0x20000044   Data           4  mpu6050.o(.data)
    q2                                       0x20000048   Data           4  mpu6050.o(.data)
    q3                                       0x2000004c   Data           4  mpu6050.o(.data)
    Pitch                                    0x20000050   Data           4  mpu6050.o(.data)
    Roll                                     0x20000054   Data           4  mpu6050.o(.data)
    Yaw                                      0x20000058   Data           4  mpu6050.o(.data)
    sensor_timestamp                         0x2000005c   Data           4  mpu6050.o(.data)
    gyro                                     0x20000060   Data           6  mpu6050.o(.data)
    accel                                    0x20000066   Data           6  mpu6050.o(.data)
    sensors                                  0x2000006c   Data           2  mpu6050.o(.data)
    more                                     0x2000006e   Data           1  mpu6050.o(.data)
    Last_Yaw                                 0x20000070   Data           4  mpu6050.o(.data)
    Motor_Thr                                0x200000ac   Data           4  control.o(.data)
    Motor_Ele                                0x200000b0   Data           4  control.o(.data)
    Motor_Ail                                0x200000b4   Data           4  control.o(.data)
    Motor_Rud                                0x200000b8   Data           4  control.o(.data)
    thr_adder                                0x200000bc   Data           4  control.o(.data)
    thr_adder_Integration                    0x200000c0   Data           4  control.o(.data)
    Gyro_FinalX                              0x200000c4   Data           4  control.o(.data)
    Gyro_FinalY                              0x200000c8   Data           4  control.o(.data)
    Gyro_FinalZ                              0x200000cc   Data           4  control.o(.data)
    LastGyro_FinalX                          0x200000d0   Data           4  control.o(.data)
    LastGyro_FinalY                          0x200000d4   Data           4  control.o(.data)
    LastGyro_FinalZ                          0x200000d8   Data           4  control.o(.data)
    Holding_flag                             0x200000dc   Data           1  control.o(.data)
    Thr_I_Up                                 0x200000e0   Data           4  control.o(.data)
    Thr_I_Down                               0x200000e4   Data           4  control.o(.data)
    Thr_P_Up                                 0x200000e8   Data           4  control.o(.data)
    Thr_P_Down                               0x200000ec   Data           4  control.o(.data)
    Thr_D_Up                                 0x200000f0   Data           4  control.o(.data)
    Thr_D_Down                               0x200000f4   Data           4  control.o(.data)
    MOTOR1                                   0x20000104   Data           4  control.o(.data)
    MOTOR2                                   0x20000108   Data           4  control.o(.data)
    MOTOR3                                   0x2000010c   Data           4  control.o(.data)
    MOTOR4                                   0x20000110   Data           4  control.o(.data)
    pwmout1                                  0x20000114   Data           4  control.o(.data)
    pwmout2                                  0x20000118   Data           4  control.o(.data)
    pwmout3                                  0x2000011c   Data           4  control.o(.data)
    pwmout4                                  0x20000120   Data           4  control.o(.data)
    thr_temp                                 0x20000124   Data           4  control.o(.data)
    last_distance                            0x20000128   Data           4  control.o(.data)
    Distance_holding                         0x2000012c   Data           4  control.o(.data)
    quat                                     0x20000130   Data          16  mpu6050.o(.bss)
    sbus_rx_buffer                           0x20000150   Data          18  uart_for_dbus.o(.bss)
    Channel_Receive                          0x20000162   Data          26  uart_for_dbus.o(.bss)
    key_board                                0x2000017c   Data          16  uart_for_dbus.o(.bss)
    Hode_temp                                0x2000018c   Data          12  control.o(.bss)
    pidRoll                                  0x20000198   Data          48  control.o(.bss)
    pidPitch                                 0x200001c8   Data          48  control.o(.bss)
    pidYaw                                   0x200001f8   Data          48  control.o(.bss)
    pidThr                                   0x20000228   Data          48  control.o(.bss)
    pid_out                                  0x20000258   Data          12  control.o(.bss)
    __libspace_start                         0x20000264   Data          96  libspace.o(.bss)
    __temporary_stack_top$libspace           0x200002c4   Data           0  libspace.o(.bss)



==============================================================================

Memory Map of the image

  Image Entry point : 0x080000ed

  Load Region LR_IROM1 (Base: 0x08000000, Size: 0x00009710, Max: 0x00080000, ABSOLUTE, COMPRESSED[0x00009630])

    Execution Region ER_IROM1 (Base: 0x08000000, Size: 0x000095e0, Max: 0x00080000, ABSOLUTE)

    Base Addr    Size         Type   Attr      Idx    E Section Name        Object

    0x08000000   0x000000ec   Data   RO          116    RESET               startup_stm32f10x_md.o
    0x080000ec   0x00000008   Code   RO          599  * !!!main             c_w.l(__main.o)
    0x080000f4   0x00000034   Code   RO          896    !!!scatter          c_w.l(__scatter.o)
    0x08000128   0x0000005a   Code   RO          894    !!dczerorl2         c_w.l(__dczerorl2.o)
    0x08000182   0x00000002   PAD
    0x08000184   0x0000001c   Code   RO          898    !!handler_zi        c_w.l(__scatter_zi.o)
    0x080001a0   0x00000002   Code   RO          762    .ARM.Collect$$libinit$$00000000  c_w.l(libinit.o)
    0x080001a2   0x00000000   Code   RO          772    .ARM.Collect$$libinit$$00000002  c_w.l(libinit2.o)
    0x080001a2   0x00000000   Code   RO          775    .ARM.Collect$$libinit$$00000008  c_w.l(libinit2.o)
    0x080001a2   0x00000000   Code   RO          777    .ARM.Collect$$libinit$$0000000A  c_w.l(libinit2.o)
    0x080001a2   0x00000000   Code   RO          779    .ARM.Collect$$libinit$$0000000C  c_w.l(libinit2.o)
    0x080001a2   0x00000000   Code   RO          782    .ARM.Collect$$libinit$$0000000F  c_w.l(libinit2.o)
    0x080001a2   0x00000000   Code   RO          784    .ARM.Collect$$libinit$$00000011  c_w.l(libinit2.o)
    0x080001a2   0x00000000   Code   RO          786    .ARM.Collect$$libinit$$00000013  c_w.l(libinit2.o)
    0x080001a2   0x00000000   Code   RO          788    .ARM.Collect$$libinit$$00000015  c_w.l(libinit2.o)
    0x080001a2   0x00000000   Code   RO          790    .ARM.Collect$$libinit$$00000017  c_w.l(libinit2.o)
    0x080001a2   0x00000000   Code   RO          792    .ARM.Collect$$libinit$$00000019  c_w.l(libinit2.o)
    0x080001a2   0x00000000   Code   RO          794    .ARM.Collect$$libinit$$0000001B  c_w.l(libinit2.o)
    0x080001a2   0x00000000   Code   RO          796    .ARM.Collect$$libinit$$0000001D  c_w.l(libinit2.o)
    0x080001a2   0x00000000   Code   RO          798    .ARM.Collect$$libinit$$0000001F  c_w.l(libinit2.o)
    0x080001a2   0x00000000   Code   RO          800    .ARM.Collect$$libinit$$00000021  c_w.l(libinit2.o)
    0x080001a2   0x00000000   Code   RO          802    .ARM.Collect$$libinit$$00000023  c_w.l(libinit2.o)
    0x080001a2   0x00000000   Code   RO          806    .ARM.Collect$$libinit$$0000002A  c_w.l(libinit2.o)
    0x080001a2   0x00000000   Code   RO          808    .ARM.Collect$$libinit$$0000002C  c_w.l(libinit2.o)
    0x080001a2   0x00000000   Code   RO          810    .ARM.Collect$$libinit$$0000002E  c_w.l(libinit2.o)
    0x080001a2   0x00000000   Code   RO          812    .ARM.Collect$$libinit$$00000030  c_w.l(libinit2.o)
    0x080001a2   0x00000002   Code   RO          813    .ARM.Collect$$libinit$$00000031  c_w.l(libinit2.o)
    0x080001a4   0x00000002   Code   RO          845    .ARM.Collect$$libshutdown$$00000000  c_w.l(libshutdown.o)
    0x080001a6   0x00000000   Code   RO          863    .ARM.Collect$$libshutdown$$00000003  c_w.l(libshutdown2.o)
    0x080001a6   0x00000000   Code   RO          866    .ARM.Collect$$libshutdown$$00000006  c_w.l(libshutdown2.o)
    0x080001a6   0x00000000   Code   RO          869    .ARM.Collect$$libshutdown$$00000009  c_w.l(libshutdown2.o)
    0x080001a6   0x00000000   Code   RO          871    .ARM.Collect$$libshutdown$$0000000B  c_w.l(libshutdown2.o)
    0x080001a6   0x00000000   Code   RO          874    .ARM.Collect$$libshutdown$$0000000E  c_w.l(libshutdown2.o)
    0x080001a6   0x00000002   Code   RO          875    .ARM.Collect$$libshutdown$$0000000F  c_w.l(libshutdown2.o)
    0x080001a8   0x00000000   Code   RO          665    .ARM.Collect$$rtentry$$00000000  c_w.l(rtentry.o)
    0x080001a8   0x00000000   Code   RO          717    .ARM.Collect$$rtentry$$00000002  c_w.l(rtentry2.o)
    0x080001a8   0x00000006   Code   RO          729    .ARM.Collect$$rtentry$$00000004  c_w.l(rtentry4.o)
    0x080001ae   0x00000000   Code   RO          719    .ARM.Collect$$rtentry$$00000009  c_w.l(rtentry2.o)
    0x080001ae   0x00000004   Code   RO          720    .ARM.Collect$$rtentry$$0000000A  c_w.l(rtentry2.o)
    0x080001b2   0x00000000   Code   RO          722    .ARM.Collect$$rtentry$$0000000C  c_w.l(rtentry2.o)
    0x080001b2   0x00000008   Code   RO          723    .ARM.Collect$$rtentry$$0000000D  c_w.l(rtentry2.o)
    0x080001ba   0x00000002   Code   RO          765    .ARM.Collect$$rtexit$$00000000  c_w.l(rtexit.o)
    0x080001bc   0x00000000   Code   RO          817    .ARM.Collect$$rtexit$$00000002  c_w.l(rtexit2.o)
    0x080001bc   0x00000004   Code   RO          818    .ARM.Collect$$rtexit$$00000003  c_w.l(rtexit2.o)
    0x080001c0   0x00000006   Code   RO          819    .ARM.Collect$$rtexit$$00000004  c_w.l(rtexit2.o)
    0x080001c6   0x00000002   PAD
    0x080001c8   0x000001dc   Code   RO            1    .text               system_stm32f10x.o
    0x080003a4   0x00000040   Code   RO          117    .text               startup_stm32f10x_md.o
    0x080003e4   0x000000dc   Code   RO          121    .text               misc.o
    0x080004c0   0x00000358   Code   RO          183    .text               stm32f10x_gpio.o
    0x08000818   0x000003a4   Code   RO          195    .text               stm32f10x_rcc.o
    0x08000bbc   0x00000e1a   Code   RO          209    .text               stm32f10x_tim.o
    0x080019d6   0x00000002   PAD
    0x080019d8   0x00000408   Code   RO          221    .text               stm32f10x_usart.o
    0x08001de0   0x00000250   Code   RO          233    .text               stm32f10x_dma.o
    0x08002030   0x000000c8   Code   RO          281    .text               main.o
    0x080020f8   0x00000040   Code   RO          352    .text               stm32f10x_it.o
    0x08002138   0x00000056   Code   RO          368    .text               timer.o
    0x0800218e   0x00000002   PAD
    0x08002190   0x000000a8   Code   RO          383    .text               delay.o
    0x08002238   0x000003c8   Code   RO          397    .text               myiic.o
    0x08002600   0x000002d8   Code   RO          409    .text               mpu6050.o
    0x080028d8   0x000024c0   Code   RO          431    .text               inv_mpu.o
    0x08004d98   0x00000d68   Code   RO          473    .text               inv_mpu_dmp_motion_driver.o
    0x08005b00   0x0000021c   Code   RO          494    .text               uart_for_dbus.o
    0x08005d1c   0x00000274   Code   RO          519    .text               uart_for_pc.o
    0x08005f90   0x0000011c   Code   RO          531    .text               uart_for_hc_sr04.o
    0x080060ac   0x00000144   Code   RO          544    .text               motor.o
    0x080061f0   0x00000850   Code   RO          556    .text               control.o
    0x08006a40   0x0000006c   Code   RO          577    .text               app.o
    0x08006aac   0x00000048   Code   RO          591    .text               c_w.l(llsdiv.o)
    0x08006af4   0x00000058   Code   RO          593    .text               c_w.l(memcmp.o)
    0x08006b4c   0x00000010   Code   RO          595    .text               c_w.l(aeabi_memset.o)
    0x08006b5c   0x00000006   Code   RO          597    .text               c_w.l(heapauxi.o)
    0x08006b62   0x000000ee   Code   RO          666    .text               c_w.l(lludivv7m.o)
    0x08006c50   0x00000016   Code   RO          668    .text               c_w.l(_rserrno.o)
    0x08006c66   0x00000044   Code   RO          670    .text               c_w.l(rt_memclr.o)
    0x08006caa   0x00000002   PAD
    0x08006cac   0x00000008   Code   RO          738    .text               c_w.l(rt_errno_addr_intlibspace.o)
    0x08006cb4   0x0000004e   Code   RO          740    .text               c_w.l(rt_memclr_w.o)
    0x08006d02   0x00000002   PAD
    0x08006d04   0x00000008   Code   RO          748    .text               c_w.l(libspace.o)
    0x08006d0c   0x0000004a   Code   RO          751    .text               c_w.l(sys_stackheap_outer.o)
    0x08006d56   0x0000000c   Code   RO          755    .text               c_w.l(exit.o)
    0x08006d62   0x00000002   PAD
    0x08006d64   0x0000000c   Code   RO          833    .text               c_w.l(sys_exit.o)
    0x08006d70   0x00000002   Code   RO          850    .text               c_w.l(use_no_semi.o)
    0x08006d72   0x00000000   Code   RO          852    .text               c_w.l(indicate_semi.o)
    0x08006d72   0x00000028   Code   RO          703    i.__ARM_fpclassify  m_ws.l(fpclassify.o)
    0x08006d9a   0x000000aa   Code   RO          705    i.__kernel_poly     m_ws.l(poly.o)
    0x08006e44   0x00000010   Code   RO          701    i.__mathlib_dbl_underflow  m_ws.l(dunder.o)
    0x08006e54   0x0000027c   Code   RO          648    i.asin              m_ws.l(asin.o)
    0x080070d0   0x00000224   Code   RO          692    i.atan              m_ws.l(atan.o)
    0x080072f4   0x00000180   Code   RO          658    i.atan2             m_ws.l(atan2.o)
    0x08007474   0x0000004c   Code   RO          709    i.sqrt              m_ws.l(sqrt.o)
    0x080074c0   0x00000062   Code   RO          601    x$fpl$d2f           fz_ws.l(d2f.o)
    0x08007522   0x00000002   PAD
    0x08007524   0x00000150   Code   RO          603    x$fpl$dadd          fz_ws.l(daddsub_clz.o)
    0x08007674   0x00000010   Code   RO          742    x$fpl$dcheck1       fz_ws.l(dcheck1.o)
    0x08007684   0x00000018   Code   RO          744    x$fpl$dcmpinf       fz_ws.l(dcmpi.o)
    0x0800769c   0x000002b0   Code   RO          673    x$fpl$ddiv          fz_ws.l(ddiv.o)
    0x0800794c   0x00000078   Code   RO          676    x$fpl$dleqf         fz_ws.l(dleqf.o)
    0x080079c4   0x00000154   Code   RO          609    x$fpl$dmul          fz_ws.l(dmul.o)
    0x08007b18   0x0000009c   Code   RO          678    x$fpl$dnaninf       fz_ws.l(dnaninf.o)
    0x08007bb4   0x0000000c   Code   RO          680    x$fpl$dretinf       fz_ws.l(dretinf.o)
    0x08007bc0   0x0000006c   Code   RO          611    x$fpl$drleqf        fz_ws.l(drleqf.o)
    0x08007c2c   0x00000016   Code   RO          604    x$fpl$drsb          fz_ws.l(daddsub_clz.o)
    0x08007c42   0x00000002   PAD
    0x08007c44   0x000001cc   Code   RO          746    x$fpl$dsqrt         fz_ws.l(dsqrt_noumaal.o)
    0x08007e10   0x000001d4   Code   RO          605    x$fpl$dsub          fz_ws.l(daddsub_clz.o)
    0x08007fe4   0x00000056   Code   RO          613    x$fpl$f2d           fz_ws.l(f2d.o)
    0x0800803a   0x00000002   PAD
    0x0800803c   0x000000c4   Code   RO          615    x$fpl$fadd          fz_ws.l(faddsub_clz.o)
    0x08008100   0x00000018   Code   RO          682    x$fpl$fcmpinf       fz_ws.l(fcmpi.o)
    0x08008118   0x00000184   Code   RO          622    x$fpl$fdiv          fz_ws.l(fdiv.o)
    0x0800829c   0x00000068   Code   RO          625    x$fpl$feqf          fz_ws.l(feqf.o)
    0x08008304   0x00000036   Code   RO          627    x$fpl$ffix          fz_ws.l(ffix.o)
    0x0800833a   0x00000002   PAD
    0x0800833c   0x0000003e   Code   RO          631    x$fpl$ffixu         fz_ws.l(ffixu.o)
    0x0800837a   0x00000002   PAD
    0x0800837c   0x00000030   Code   RO          636    x$fpl$fflt          fz_ws.l(fflt_clz.o)
    0x080083ac   0x00000026   Code   RO          635    x$fpl$ffltu         fz_ws.l(fflt_clz.o)
    0x080083d2   0x00000002   PAD
    0x080083d4   0x00000068   Code   RO          641    x$fpl$fleqf         fz_ws.l(fleqf.o)
    0x0800843c   0x00000102   Code   RO          643    x$fpl$fmul          fz_ws.l(fmul.o)
    0x0800853e   0x0000008c   Code   RO          684    x$fpl$fnaninf       fz_ws.l(fnaninf.o)
    0x080085ca   0x0000000a   Code   RO          686    x$fpl$fretinf       fz_ws.l(fretinf.o)
    0x080085d4   0x00000062   Code   RO          645    x$fpl$frleqf        fz_ws.l(frleqf.o)
    0x08008636   0x00000014   Code   RO          616    x$fpl$frsb          fz_ws.l(faddsub_clz.o)
    0x0800864a   0x00000002   PAD
    0x0800864c   0x000000ea   Code   RO          617    x$fpl$fsub          fz_ws.l(faddsub_clz.o)
    0x08008736   0x00000064   Code   RO          763    x$fpl$retnan        fz_ws.l(retnan.o)
    0x0800879a   0x0000005c   Code   RO          688    x$fpl$scalbn        fz_ws.l(scalbn.o)
    0x080087f6   0x00000030   Code   RO          814    x$fpl$trapveneer    fz_ws.l(trapv.o)
    0x08008826   0x00000000   Code   RO          690    x$fpl$usenofp       fz_ws.l(usenofp.o)
    0x08008826   0x00000002   PAD
    0x08008828   0x000000ad   Data   RO          432    .constdata          inv_mpu.o
    0x080088d5   0x00000bf6   Data   RO          475    .constdata          inv_mpu_dmp_motion_driver.o
    0x080094cb   0x00000005   PAD
    0x080094d0   0x00000050   Data   RO          649    .constdata          m_ws.l(asin.o)
    0x08009520   0x00000098   Data   RO          693    .constdata          m_ws.l(atan.o)
    0x080095b8   0x00000008   Data   RO          707    .constdata          m_ws.l(qnan.o)
    0x080095c0   0x00000020   Data   RO          892    Region$$Table       anon$$obj.o


    Execution Region RW_IRAM1 (Base: 0x20000000, Size: 0x000008c8, Max: 0x00010000, ABSOLUTE, COMPRESSED[0x00000050])

    Base Addr    Size         Type   Attr      Idx    E Section Name        Object

    0x20000000   0x00000014   Data   RW            2    .data               system_stm32f10x.o
    0x20000014   0x00000014   Data   RW          196    .data               stm32f10x_rcc.o
    0x20000028   0x00000008   Data   RW          282    .data               main.o
    0x20000030   0x00000004   Data   RW          384    .data               delay.o
    0x20000034   0x00000040   Data   RW          411    .data               mpu6050.o
    0x20000074   0x00000038   Data   RW          433    .data               inv_mpu.o
    0x200000ac   0x00000084   Data   RW          558    .data               control.o
    0x20000130   0x00000010   Zero   RW          410    .bss                mpu6050.o
    0x20000140   0x00000010   Zero   RW          474    .bss                inv_mpu_dmp_motion_driver.o
    0x20000150   0x0000003c   Zero   RW          495    .bss                uart_for_dbus.o
    0x2000018c   0x000000d8   Zero   RW          557    .bss                control.o
    0x20000264   0x00000060   Zero   RW          749    .bss                c_w.l(libspace.o)
    0x200002c4   0x00000004   PAD
    0x200002c8   0x00000200   Zero   RW          115    HEAP                startup_stm32f10x_md.o
    0x200004c8   0x00000400   Zero   RW          114    STACK               startup_stm32f10x_md.o


==============================================================================

Image component sizes


      Code (inc. data)   RO Data    RW Data    ZI Data      Debug   Object Name

       108          8          0          0          0        575   app.o
      2128        308          0        132        216       5739   control.o
         0          0          0          0          0         32   core_cm3.o
       168         10          0          4          0        903   delay.o
      9408        194        173         56          0      24160   inv_mpu.o
      3432        126       3062          0         16      15043   inv_mpu_dmp_motion_driver.o
       200         50          0          8          0        990   main.o
       220         20          0          0          0     206361   misc.o
       324         14          0          0          0       1286   motor.o
       728         64          0         64         16       1824   mpu6050.o
       968         22          0          0          0       3957   myiic.o
        64         26        236          0       1536        740   startup_stm32f10x_md.o
       592          8          0          0          0       4214   stm32f10x_dma.o
       856         40          0          0          0       5533   stm32f10x_gpio.o
        64          6          0          0          0       1322   stm32f10x_it.o
       932         44          0         20          0       8644   stm32f10x_rcc.o
      3610         88          0          0          0      22016   stm32f10x_tim.o
      1032         22          0          0          0       8256   stm32f10x_usart.o
       476         36          0         20          0     261895   system_stm32f10x.o
        86          0          0          0          0        566   timer.o
       540         24          0          0         60       1811   uart_for_dbus.o
       284         16          0          0          0        976   uart_for_hc_sr04.o
       628         10          0          0          0       2581   uart_for_pc.o

    ----------------------------------------------------------------------
     26852       1136       3508        304       1844     579424   Object Totals
         0          0         32          0          0          0   (incl. Generated)
         4          0          5          0          0          0   (incl. Padding)

    ----------------------------------------------------------------------

      Code (inc. data)   RO Data    RW Data    ZI Data      Debug   Library Member Name

        90          0          0          0          0          0   __dczerorl2.o
         8          0          0          0          0         68   __main.o
        52          8          0          0          0          0   __scatter.o
        28          0          0          0          0          0   __scatter_zi.o
        22          0          0          0          0        100   _rserrno.o
        16          0          0          0          0         68   aeabi_memset.o
        12          0          0          0          0         72   exit.o
         6          0          0          0          0        152   heapauxi.o
         0          0          0          0          0          0   indicate_semi.o
         2          0          0          0          0          0   libinit.o
         2          0          0          0          0          0   libinit2.o
         2          0          0          0          0          0   libshutdown.o
         2          0          0          0          0          0   libshutdown2.o
         8          4          0          0         96         68   libspace.o
        72          0          0          0          0         76   llsdiv.o
       238          0          0          0          0        100   lludivv7m.o
        88          0          0          0          0         76   memcmp.o
         8          4          0          0          0         68   rt_errno_addr_intlibspace.o
        68          0          0          0          0         68   rt_memclr.o
        78          0          0          0          0         80   rt_memclr_w.o
         0          0          0          0          0          0   rtentry.o
        12          0          0          0          0          0   rtentry2.o
         6          0          0          0          0          0   rtentry4.o
         2          0          0          0          0          0   rtexit.o
        10          0          0          0          0          0   rtexit2.o
        12          4          0          0          0         68   sys_exit.o
        74          0          0          0          0         80   sys_stackheap_outer.o
         2          0          0          0          0         68   use_no_semi.o
        98          4          0          0          0         92   d2f.o
       826         16          0          0          0        348   daddsub_clz.o
        16          4          0          0          0         68   dcheck1.o
        24          0          0          0          0         68   dcmpi.o
       688        140          0          0          0        208   ddiv.o
       120          4          0          0          0         92   dleqf.o
       340         12          0          0          0        104   dmul.o
       156          4          0          0          0         92   dnaninf.o
        12          0          0          0          0         68   dretinf.o
       108          0          0          0          0         80   drleqf.o
       460         56          0          0          0        120   dsqrt_noumaal.o
        86          4          0          0          0         84   f2d.o
       450          8          0          0          0        236   faddsub_clz.o
        24          0          0          0          0         68   fcmpi.o
       388         76          0          0          0         96   fdiv.o
       104          4          0          0          0         84   feqf.o
        54          4          0          0          0         84   ffix.o
        62          4          0          0          0         84   ffixu.o
        86          0          0          0          0        136   fflt_clz.o
       104          4          0          0          0         84   fleqf.o
       258          4          0          0          0         84   fmul.o
       140          4          0          0          0         84   fnaninf.o
        10          0          0          0          0         68   fretinf.o
        98          0          0          0          0         68   frleqf.o
       100          0          0          0          0         68   retnan.o
        92          0          0          0          0         68   scalbn.o
        48          0          0          0          0         68   trapv.o
         0          0          0          0          0          0   usenofp.o
       636         52         80          0          0        168   asin.o
       548         70        152          0          0        124   atan.o
       384         38          0          0          0        144   atan2.o
        16          6          0          0          0         68   dunder.o
        40          0          0          0          0         68   fpclassify.o
       170          0          0          0          0         96   poly.o
         0          0          8          0          0          0   qnan.o
        76          0          0          0          0         84   sqrt.o

    ----------------------------------------------------------------------
      7768        538        240          0        100       4768   Library Totals
        26          0          0          0          4          0   (incl. Padding)

    ----------------------------------------------------------------------

      Code (inc. data)   RO Data    RW Data    ZI Data      Debug   Library Name

       920         20          0          0         96       1212   c_w.l
      4952        352          0          0          0       2804   fz_ws.l
      1870        166        240          0          0        752   m_ws.l

    ----------------------------------------------------------------------
      7768        538        240          0        100       4768   Library Totals

    ----------------------------------------------------------------------

==============================================================================


      Code (inc. data)   RO Data    RW Data    ZI Data      Debug   

     34620       1674       3748        304       1944     579460   Grand Totals
     34620       1674       3748         80       1944     579460   ELF Image Totals (compressed)
     34620       1674       3748         80          0          0   ROM Totals

==============================================================================

    Total RO  Size (Code + RO Data)                38368 (  37.47kB)
    Total RW  Size (RW Data + ZI Data)              2248 (   2.20kB)
    Total ROM Size (Code + RO Data + RW Data)      38448 (  37.55kB)

==============================================================================

